[+1384ms] [stdout]
> @afenda/storybook@0.0.0 build C:\JackProject\afenda-bolt\afenda-lite\apps\storybook
> storybook build --output-dir storybook-static


[+3834ms] [stdout]

[+3839ms] [stdout] T  Building storybook v10.5.5

[+5692ms] [stdout] |
o  Cleaning outputDir: storybook-static

[+5925ms] [stdout] |
o  Loading presets

[+14097ms] [stdout] |
o  Building manager..

[+14624ms] [stdout] |
•  Building open services..

[+14626ms] [stdout] |
•  Building preview..

[+15068ms] [stdout] |  Vite vite v6.4.3 building for production...

[+15498ms] [stdout] |  Vite transforming...

[+29100ms] [stdout] |
!  Vite
|  ../../node_modules/.pnpm/sonner@2.0.7_react-dom@19.2.7_react@19.2.7__react@19.2.7/node_modules/sonner/dist/index.mjs
|  (1:0): Module level directives cause errors when bundled, "use client"
|  in
|  "../../node_modules/.pnpm/sonner@2.0.7_react-dom@19.2.7_react@19.2.7__react@19.2.7/node_modules/sonner/dist/index.mjs"
|  was ignored.

[+34112ms] [stdout] |
!  Vite
|  ../../node_modules/.pnpm/lucide-react@1.23.0_react@19.2.7/node_modules/lucide-react/dist/esm/context.mjs
|  (2:0): Module level directives cause errors when bundled, "use client"
|  in
|  "../../node_modules/.pnpm/lucide-react@1.23.0_react@19.2.7/node_modules/lucide-react/dist/esm/context.mjs"
|  was ignored.

[+34116ms] [stdout] |
!  Vite
|  ../../node_modules/.pnpm/lucide-react@1.23.0_react@19.2.7/node_modules/lucide-react/dist/esm/Icon.mjs
|  (2:0): Module level directives cause errors when bundled, "use client"
|  in
|  "../../node_modules/.pnpm/lucide-react@1.23.0_react@19.2.7/node_modules/lucide-react/dist/esm/Icon.mjs"
|  was ignored.

[+39569ms] [stdout] |
!  Vite
|  ../../packages/surfaces/ui-system/src/app-shell/profile-dropdown.tsx
|  (1:0): Error when using sourcemap for reporting an error: Can't
|  resolve original location of error.

[+39570ms] [stdout] |
!  Vite
|  ../../packages/surfaces/ui-system/src/app-shell/profile-dropdown.tsx
|  (1:0): Module level directives cause errors when bundled, "use client"
|  in
|  "../../packages/surfaces/ui-system/src/app-shell/profile-dropdown.tsx"
|  was ignored.

[+39577ms] [stdout] |
!  Vite
|  ../../packages/surfaces/ui-system/src/app-shell/notification-dropdown.tsx
|  (1:0): Error when using sourcemap for reporting an error: Can't
|  resolve original location of error.

[+39578ms] [stdout] |
!  Vite
|  ../../packages/surfaces/ui-system/src/app-shell/notification-dropdown.tsx
|  (1:0): Module level directives cause errors when bundled, "use client"
|  in
|  "../../packages/surfaces/ui-system/src/app-shell/notification-dropdown.tsx"
|  was ignored.

[+39689ms] [stdout] |
!  Vite ../../packages/surfaces/ui-system/src/app-shell/command-menu.tsx
|  (1:0): Error when using sourcemap for reporting an error: Can't
|  resolve original location of error.

[+39691ms] [stdout] |
!  Vite ../../packages/surfaces/ui-system/src/app-shell/command-menu.tsx
|  (1:0): Module level directives cause errors when bundled, "use client"
|  in "../../packages/surfaces/ui-system/src/app-shell/command-menu.tsx"
|  was ignored.

[+40332ms] [stdout] |
!  Vite
|  ../../packages/surfaces/ui-system/src/components/ui/collapsible.tsx
|  (1:0): Error when using sourcemap for reporting an error: Can't
|  resolve original location of error.

[+40333ms] [stdout] |
!  Vite
|  ../../packages/surfaces/ui-system/src/components/ui/collapsible.tsx
|  (1:0): Module level directives cause errors when bundled, "use client"
|  in
|  "../../packages/surfaces/ui-system/src/components/ui/collapsible.tsx"
|  was ignored.

[+40339ms] [stdout] |
!  Vite
|  ../../packages/surfaces/ui-system/src/blocks/app-shell-block/application-shell-settings-provider.tsx
|  (1:0): Error when using sourcemap for reporting an error: Can't
|  resolve original location of error.

[+40340ms] [stdout] |
!  Vite
|  ../../packages/surfaces/ui-system/src/blocks/app-shell-block/application-shell-settings-provider.tsx
|  (1:0): Module level directives cause errors when bundled, "use client"
|  in
|  "../../packages/surfaces/ui-system/src/blocks/app-shell-block/application-shell-settings-provider.tsx"
|  was ignored.

[+40353ms] [stdout] |
!  Vite ../../packages/surfaces/ui-system/src/components/ui/checkbox.tsx
|  (1:0): Error when using sourcemap for reporting an error: Can't
|  resolve original location of error.

[+40354ms] [stdout] |
!  Vite ../../packages/surfaces/ui-system/src/components/ui/checkbox.tsx
|  (1:0): Module level directives cause errors when bundled, "use client"
|  in "../../packages/surfaces/ui-system/src/components/ui/checkbox.tsx"
|  was ignored.

[+40360ms] [stdout] |
!  Vite
|  ../../packages/surfaces/ui-system/src/blocks/app-shell-block/app-shell.tsx
|  (1:0): Error when using sourcemap for reporting an error: Can't
|  resolve original location of error.

[+40362ms] [stdout] |
!  Vite
|  ../../packages/surfaces/ui-system/src/blocks/app-shell-block/app-shell.tsx
|  (1:0): Module level directives cause errors when bundled, "use client"
|  in
|  "../../packages/surfaces/ui-system/src/blocks/app-shell-block/app-shell.tsx"
|  was ignored.

[+40373ms] [stdout] |
!  Vite ../../packages/surfaces/ui-system/src/components/ui/tabs.tsx
|  (1:0): Error when using sourcemap for reporting an error: Can't
|  resolve original location of error.

[+40373ms] [stdout] |
!  Vite ../../packages/surfaces/ui-system/src/components/ui/tabs.tsx
|  (1:0): Module level directives cause errors when bundled, "use client"
|  in "../../packages/surfaces/ui-system/src/components/ui/tabs.tsx" was
|  ignored.

[+40384ms] [stdout] |
!  Vite ../../packages/surfaces/ui-system/src/components/ui/calendar.tsx
|  (1:0): Error when using sourcemap for reporting an error: Can't
|  resolve original location of error.

[+40384ms] [stdout] |
!  Vite ../../packages/surfaces/ui-system/src/components/ui/calendar.tsx
|  (1:0): Module level directives cause errors when bundled, "use client"
|  in "../../packages/surfaces/ui-system/src/components/ui/calendar.tsx"
|  was ignored.

[+40390ms] [stdout] |
!  Vite
|  ../../packages/surfaces/ui-system/src/components/ui/master-detail.tsx
|  (1:0): Error when using sourcemap for reporting an error: Can't
|  resolve original location of error.

[+40391ms] [stdout] |
!  Vite
|  ../../packages/surfaces/ui-system/src/components/ui/master-detail.tsx
|  (1:0): Module level directives cause errors when bundled, "use client"
|  in
|  "../../packages/surfaces/ui-system/src/components/ui/master-detail.tsx"
|  was ignored.

[+40399ms] [stdout] |
!  Vite ../../packages/surfaces/ui-system/src/components/ui/empty.tsx
|  (1:0): Error when using sourcemap for reporting an error: Can't
|  resolve original location of error.

[+40401ms] [stdout] |
!  Vite ../../packages/surfaces/ui-system/src/components/ui/empty.tsx
|  (1:0): Module level directives cause errors when bundled, "use client"
|  in "../../packages/surfaces/ui-system/src/components/ui/empty.tsx" was
|  ignored.

[+40405ms] [stdout] |
!  Vite
|  ../../packages/surfaces/ui-system/src/components/ui/radio-group.tsx
|  (1:0): Error when using sourcemap for reporting an error: Can't
|  resolve original location of error.

[+40406ms] [stdout] |
!  Vite
|  ../../packages/surfaces/ui-system/src/components/ui/radio-group.tsx
|  (1:0): Module level directives cause errors when bundled, "use client"
|  in
|  "../../packages/surfaces/ui-system/src/components/ui/radio-group.tsx"
|  was ignored.

[+40415ms] [stdout] |
!  Vite
|  ../../packages/surfaces/ui-system/src/components/ui/hover-card.tsx
|  (1:0): Error when using sourcemap for reporting an error: Can't
|  resolve original location of error.

[+40416ms] [stdout] |
!  Vite
|  ../../packages/surfaces/ui-system/src/components/ui/hover-card.tsx
|  (1:0): Module level directives cause errors when bundled, "use client"
|  in
|  "../../packages/surfaces/ui-system/src/components/ui/hover-card.tsx"
|  was ignored.

[+40427ms] [stdout] |
!  Vite ../../packages/surfaces/ui-system/src/components/ui/tree-view.tsx
|  (1:0): Error when using sourcemap for reporting an error: Can't
|  resolve original location of error.

[+40429ms] [stdout] |
!  Vite ../../packages/surfaces/ui-system/src/components/ui/tree-view.tsx
|  (1:0): Module level directives cause errors when bundled, "use client"
|  in "../../packages/surfaces/ui-system/src/components/ui/tree-view.tsx"
|  was ignored.

[+40435ms] [stdout] |
!  Vite ../../packages/surfaces/ui-system/src/components/ui/key-value.tsx
|  (1:0): Error when using sourcemap for reporting an error: Can't
|  resolve original location of error.

[+40436ms] [stdout] |
!  Vite ../../packages/surfaces/ui-system/src/components/ui/key-value.tsx
|  (1:0): Module level directives cause errors when bundled, "use client"
|  in "../../packages/surfaces/ui-system/src/components/ui/key-value.tsx"
|  was ignored.

[+40441ms] [stdout] |
!  Vite ../../packages/surfaces/ui-system/src/components/ui/avatar.tsx
|  (1:0): Error when using sourcemap for reporting an error: Can't
|  resolve original location of error.

[+40442ms] [stdout] |
!  Vite ../../packages/surfaces/ui-system/src/components/ui/avatar.tsx
|  (1:0): Module level directives cause errors when bundled, "use client"
|  in "../../packages/surfaces/ui-system/src/components/ui/avatar.tsx"
|  was ignored.

[+40448ms] [stdout] |
!  Vite
|  ../../packages/surfaces/ui-system/src/blocks/app-shell-block/shared/dialog-activity.tsx
|  (1:0): Error when using sourcemap for reporting an error: Can't
|  resolve original location of error.

[+40449ms] [stdout] |
!  Vite
|  ../../packages/surfaces/ui-system/src/blocks/app-shell-block/shared/dialog-activity.tsx
|  (1:0): Module level directives cause errors when bundled, "use client"
|  in
|  "../../packages/surfaces/ui-system/src/blocks/app-shell-block/shared/dialog-activity.tsx"
|  was ignored.

[+40456ms] [stdout] |
!  Vite
|  ../../packages/surfaces/ui-system/src/components/ui/status-badge.tsx
|  (1:0): Error when using sourcemap for reporting an error: Can't
|  resolve original location of error.

[+40457ms] [stdout] |
!  Vite
|  ../../packages/surfaces/ui-system/src/components/ui/status-badge.tsx
|  (1:0): Module level directives cause errors when bundled, "use client"
|  in
|  "../../packages/surfaces/ui-system/src/components/ui/status-badge.tsx"
|  was ignored.

[+40463ms] [stdout] |
!  Vite ../../packages/surfaces/ui-system/src/components/ui/spinner.tsx
|  (1:0): Error when using sourcemap for reporting an error: Can't
|  resolve original location of error.

[+40464ms] [stdout] |
!  Vite ../../packages/surfaces/ui-system/src/components/ui/spinner.tsx
|  (1:0): Module level directives cause errors when bundled, "use client"
|  in "../../packages/surfaces/ui-system/src/components/ui/spinner.tsx"
|  was ignored.

[+40467ms] [stdout] |
!  Vite ../../packages/surfaces/ui-system/src/components/ui/slider.tsx
|  (1:0): Error when using sourcemap for reporting an error: Can't
|  resolve original location of error.

[+40468ms] [stdout] |
!  Vite ../../packages/surfaces/ui-system/src/components/ui/slider.tsx
|  (1:0): Module level directives cause errors when bundled, "use client"
|  in "../../packages/surfaces/ui-system/src/components/ui/slider.tsx"
|  was ignored.

[+40472ms] [stdout] |
!  Vite
|  ../../packages/surfaces/ui-system/src/components/ui/search-field.tsx
|  (1:0): Error when using sourcemap for reporting an error: Can't
|  resolve original location of error.

[+40473ms] [stdout] |
!  Vite
|  ../../packages/surfaces/ui-system/src/components/ui/search-field.tsx
|  (1:0): Module level directives cause errors when bundled, "use client"
|  in
|  "../../packages/surfaces/ui-system/src/components/ui/search-field.tsx"
|  was ignored.

[+40479ms] [stdout] |
!  Vite ../../packages/surfaces/ui-system/src/components/ui/drawer.tsx
|  (1:0): Error when using sourcemap for reporting an error: Can't
|  resolve original location of error.

[+40480ms] [stdout] |
!  Vite ../../packages/surfaces/ui-system/src/components/ui/drawer.tsx
|  (1:0): Module level directives cause errors when bundled, "use client"
|  in "../../packages/surfaces/ui-system/src/components/ui/drawer.tsx"
|  was ignored.

[+40491ms] [stdout] |
!  Vite ../../packages/surfaces/ui-system/src/components/ui/accordion.tsx
|  (1:0): Error when using sourcemap for reporting an error: Can't
|  resolve original location of error.

[+40492ms] [stdout] |
!  Vite ../../packages/surfaces/ui-system/src/components/ui/accordion.tsx
|  (1:0): Module level directives cause errors when bundled, "use client"
|  in "../../packages/surfaces/ui-system/src/components/ui/accordion.tsx"
|  was ignored.

[+40496ms] [stdout] |
!  Vite ../../packages/surfaces/ui-system/src/components/ui/sheet.tsx
|  (1:0): Error when using sourcemap for reporting an error: Can't
|  resolve original location of error.

[+40497ms] [stdout] |
!  Vite ../../packages/surfaces/ui-system/src/components/ui/sheet.tsx
|  (1:0): Module level directives cause errors when bundled, "use client"
|  in "../../packages/surfaces/ui-system/src/components/ui/sheet.tsx" was
|  ignored.

[+40502ms] [stdout] |
!  Vite ../../packages/surfaces/ui-system/src/components/ui/sonner.tsx
|  (1:0): Error when using sourcemap for reporting an error: Can't
|  resolve original location of error.

[+40504ms] [stdout] |
!  Vite ../../packages/surfaces/ui-system/src/components/ui/sonner.tsx
|  (1:0): Module level directives cause errors when bundled, "use client"
|  in "../../packages/surfaces/ui-system/src/components/ui/sonner.tsx"
|  was ignored.

[+40514ms] [stdout] |
!  Vite
|  ../../packages/surfaces/ui-system/src/components/ui/saved-view-select.tsx
|  (1:0): Error when using sourcemap for reporting an error: Can't
|  resolve original location of error.

[+40537ms] [stdout] |
!  Vite
|  ../../packages/surfaces/ui-system/src/components/ui/saved-view-select.tsx
|  (1:0): Module level directives cause errors when bundled, "use client"
|  in
|  "../../packages/surfaces/ui-system/src/components/ui/saved-view-select.tsx"
|  was ignored.

[+40543ms] [stdout] |
!  Vite ../../packages/surfaces/ui-system/src/components/ui/popover.tsx
|  (1:0): Error when using sourcemap for reporting an error: Can't
|  resolve original location of error.

[+40544ms] [stdout] |
!  Vite ../../packages/surfaces/ui-system/src/components/ui/popover.tsx
|  (1:0): Module level directives cause errors when bundled, "use client"
|  in "../../packages/surfaces/ui-system/src/components/ui/popover.tsx"
|  was ignored.

[+40548ms] [stdout] |
!  Vite
|  ../../packages/surfaces/ui-system/src/components/ui/form-field.tsx
|  (1:0): Error when using sourcemap for reporting an error: Can't
|  resolve original location of error.

[+40548ms] [stdout] |
!  Vite
|  ../../packages/surfaces/ui-system/src/components/ui/form-field.tsx
|  (1:0): Module level directives cause errors when bundled, "use client"
|  in
|  "../../packages/surfaces/ui-system/src/components/ui/form-field.tsx"
|  was ignored.

[+40557ms] [stdout] |
!  Vite
|  ../../packages/surfaces/ui-system/src/components/ui/input-group.tsx
|  (1:0): Error when using sourcemap for reporting an error: Can't
|  resolve original location of error.

[+40558ms] [stdout] |
!  Vite
|  ../../packages/surfaces/ui-system/src/components/ui/input-group.tsx
|  (1:0): Module level directives cause errors when bundled, "use client"
|  in
|  "../../packages/surfaces/ui-system/src/components/ui/input-group.tsx"
|  was ignored.

[+40564ms] [stdout] |
!  Vite ../../packages/surfaces/ui-system/src/components/ui/separator.tsx
|  (1:0): Error when using sourcemap for reporting an error: Can't
|  resolve original location of error.

[+40565ms] [stdout] |
!  Vite ../../packages/surfaces/ui-system/src/components/ui/separator.tsx
|  (1:0): Module level directives cause errors when bundled, "use client"
|  in "../../packages/surfaces/ui-system/src/components/ui/separator.tsx"
|  was ignored.

[+40568ms] [stdout] |
!  Vite ../../packages/surfaces/ui-system/src/components/ui/field.tsx
|  (1:0): Error when using sourcemap for reporting an error: Can't
|  resolve original location of error.

[+40568ms] [stdout] |
!  Vite ../../packages/surfaces/ui-system/src/components/ui/field.tsx
|  (1:0): Module level directives cause errors when bundled, "use client"
|  in "../../packages/surfaces/ui-system/src/components/ui/field.tsx" was
|  ignored.

[+40577ms] [stdout] |
!  Vite ../../packages/surfaces/ui-system/src/components/ui/dialog.tsx
|  (1:0): Error when using sourcemap for reporting an error: Can't
|  resolve original location of error.

[+40578ms] [stdout] |
!  Vite ../../packages/surfaces/ui-system/src/components/ui/dialog.tsx
|  (1:0): Module level directives cause errors when bundled, "use client"
|  in "../../packages/surfaces/ui-system/src/components/ui/dialog.tsx"
|  was ignored.

[+40587ms] [stdout] |
!  Vite ../../packages/surfaces/ui-system/src/components/ui/resizable.tsx
|  (1:0): Error when using sourcemap for reporting an error: Can't
|  resolve original location of error.

[+40589ms] [stdout] |
!  Vite ../../packages/surfaces/ui-system/src/components/ui/resizable.tsx
|  (1:0): Module level directives cause errors when bundled, "use client"
|  in "../../packages/surfaces/ui-system/src/components/ui/resizable.tsx"
|  was ignored.

[+40598ms] [stdout] |
!  Vite
|  ../../packages/surfaces/ui-system/src/components/ui/date-picker.tsx
|  (1:0): Error when using sourcemap for reporting an error: Can't
|  resolve original location of error.

[+40598ms] [stdout] |
!  Vite
|  ../../packages/surfaces/ui-system/src/components/ui/date-picker.tsx
|  (1:0): Module level directives cause errors when bundled, "use client"
|  in
|  "../../packages/surfaces/ui-system/src/components/ui/date-picker.tsx"
|  was ignored.

[+40610ms] [stdout] |
!  Vite ../../packages/surfaces/ui-system/src/components/ui/tooltip.tsx
|  (1:0): Error when using sourcemap for reporting an error: Can't
|  resolve original location of error.

[+40611ms] [stdout] |
!  Vite ../../packages/surfaces/ui-system/src/components/ui/tooltip.tsx
|  (1:0): Module level directives cause errors when bundled, "use client"
|  in "../../packages/surfaces/ui-system/src/components/ui/tooltip.tsx"
|  was ignored.

[+40616ms] [stdout] |
!  Vite
|  ../../packages/surfaces/ui-system/src/components/ui/alert-dialog.tsx
|  (1:0): Error when using sourcemap for reporting an error: Can't
|  resolve original location of error.

[+40617ms] [stdout] |
!  Vite
|  ../../packages/surfaces/ui-system/src/components/ui/alert-dialog.tsx
|  (1:0): Module level directives cause errors when bundled, "use client"
|  in
|  "../../packages/surfaces/ui-system/src/components/ui/alert-dialog.tsx"
|  was ignored.

[+40630ms] [stdout] |
!  Vite
|  ../../packages/surfaces/ui-system/src/components/ui/metric-card.tsx
|  (1:0): Error when using sourcemap for reporting an error: Can't
|  resolve original location of error.

[+40631ms] [stdout] |
!  Vite
|  ../../packages/surfaces/ui-system/src/components/ui/metric-card.tsx
|  (1:0): Module level directives cause errors when bundled, "use client"
|  in
|  "../../packages/surfaces/ui-system/src/components/ui/metric-card.tsx"
|  was ignored.

[+40636ms] [stdout] |
!  Vite
|  ../../packages/surfaces/ui-system/src/components/ui/column-visibility-menu.tsx
|  (1:0): Error when using sourcemap for reporting an error: Can't
|  resolve original location of error.

[+40636ms] [stdout] |
!  Vite
|  ../../packages/surfaces/ui-system/src/components/ui/column-visibility-menu.tsx
|  (1:0): Module level directives cause errors when bundled, "use client"
|  in
|  "../../packages/surfaces/ui-system/src/components/ui/column-visibility-menu.tsx"
|  was ignored.

[+40642ms] [stdout] |
!  Vite
|  ../../packages/surfaces/ui-system/src/components/ui/numeric-input.tsx
|  (1:0): Error when using sourcemap for reporting an error: Can't
|  resolve original location of error.

[+40644ms] [stdout] |
!  Vite
|  ../../packages/surfaces/ui-system/src/components/ui/numeric-input.tsx
|  (1:0): Module level directives cause errors when bundled, "use client"
|  in
|  "../../packages/surfaces/ui-system/src/components/ui/numeric-input.tsx"
|  was ignored.

[+40650ms] [stdout] |
!  Vite
|  ../../packages/surfaces/ui-system/src/components/ui/form-error.tsx
|  (1:0): Error when using sourcemap for reporting an error: Can't
|  resolve original location of error.

[+40652ms] [stdout] |
!  Vite
|  ../../packages/surfaces/ui-system/src/components/ui/form-error.tsx
|  (1:0): Module level directives cause errors when bundled, "use client"
|  in
|  "../../packages/surfaces/ui-system/src/components/ui/form-error.tsx"
|  was ignored.

[+40657ms] [stdout] |
!  Vite ../../packages/surfaces/ui-system/src/components/ui/switch.tsx
|  (1:0): Error when using sourcemap for reporting an error: Can't
|  resolve original location of error.

[+40658ms] [stdout] |
!  Vite ../../packages/surfaces/ui-system/src/components/ui/switch.tsx
|  (1:0): Module level directives cause errors when bundled, "use client"
|  in "../../packages/surfaces/ui-system/src/components/ui/switch.tsx"
|  was ignored.

[+40666ms] [stdout] |
!  Vite ../../packages/surfaces/ui-system/src/components/ui/chart.tsx
|  (1:0): Error when using sourcemap for reporting an error: Can't
|  resolve original location of error.

[+40667ms] [stdout] |
!  Vite ../../packages/surfaces/ui-system/src/components/ui/chart.tsx
|  (1:0): Module level directives cause errors when bundled, "use client"
|  in "../../packages/surfaces/ui-system/src/components/ui/chart.tsx" was
|  ignored.

[+40674ms] [stdout] |
!  Vite
|  ../../packages/surfaces/ui-system/src/components/ui/date-time-picker.tsx
|  (1:0): Error when using sourcemap for reporting an error: Can't
|  resolve original location of error.

[+40674ms] [stdout] |
!  Vite
|  ../../packages/surfaces/ui-system/src/components/ui/date-time-picker.tsx
|  (1:0): Module level directives cause errors when bundled, "use client"
|  in
|  "../../packages/surfaces/ui-system/src/components/ui/date-time-picker.tsx"
|  was ignored.

[+40683ms] [stdout] |
!  Vite ../../packages/surfaces/ui-system/src/components/ui/sidebar.tsx
|  (1:0): Error when using sourcemap for reporting an error: Can't
|  resolve original location of error.

[+40685ms] [stdout] |
!  Vite ../../packages/surfaces/ui-system/src/components/ui/sidebar.tsx
|  (1:0): Module level directives cause errors when bundled, "use client"
|  in "../../packages/surfaces/ui-system/src/components/ui/sidebar.tsx"
|  was ignored.

[+40700ms] [stdout] |
!  Vite ../../packages/surfaces/ui-system/src/components/ui/table.tsx
|  (1:0): Error when using sourcemap for reporting an error: Can't
|  resolve original location of error.

[+40702ms] [stdout] |
!  Vite ../../packages/surfaces/ui-system/src/components/ui/table.tsx
|  (1:0): Module level directives cause errors when bundled, "use client"
|  in "../../packages/surfaces/ui-system/src/components/ui/table.tsx" was
|  ignored.

[+40708ms] [stdout] |
!  Vite ../../packages/surfaces/ui-system/src/components/ui/menubar.tsx
|  (1:0): Error when using sourcemap for reporting an error: Can't
|  resolve original location of error.

[+40709ms] [stdout] |
!  Vite ../../packages/surfaces/ui-system/src/components/ui/menubar.tsx
|  (1:0): Module level directives cause errors when bundled, "use client"
|  in "../../packages/surfaces/ui-system/src/components/ui/menubar.tsx"
|  was ignored.

[+40715ms] [stdout] |
!  Vite ../../packages/surfaces/ui-system/src/components/ui/combobox.tsx
|  (1:0): Error when using sourcemap for reporting an error: Can't
|  resolve original location of error.

[+40715ms] [stdout] |
!  Vite ../../packages/surfaces/ui-system/src/components/ui/combobox.tsx
|  (1:0): Module level directives cause errors when bundled, "use client"
|  in "../../packages/surfaces/ui-system/src/components/ui/combobox.tsx"
|  was ignored.

[+40726ms] [stdout] |
!  Vite
|  ../../packages/surfaces/ui-system/src/components/ui/toggle-group.tsx
|  (1:0): Error when using sourcemap for reporting an error: Can't
|  resolve original location of error.

[+40727ms] [stdout] |
!  Vite
|  ../../packages/surfaces/ui-system/src/components/ui/toggle-group.tsx
|  (1:0): Module level directives cause errors when bundled, "use client"
|  in
|  "../../packages/surfaces/ui-system/src/components/ui/toggle-group.tsx"
|  was ignored.

[+40735ms] [stdout] |
!  Vite ../../packages/surfaces/ui-system/src/components/ui/command.tsx
|  (1:0): Error when using sourcemap for reporting an error: Can't
|  resolve original location of error.

[+40736ms] [stdout] |
!  Vite ../../packages/surfaces/ui-system/src/components/ui/command.tsx
|  (1:0): Module level directives cause errors when bundled, "use client"
|  in "../../packages/surfaces/ui-system/src/components/ui/command.tsx"
|  was ignored.

[+40748ms] [stdout] |
!  Vite ../../packages/surfaces/ui-system/src/components/ui/progress.tsx
|  (1:0): Error when using sourcemap for reporting an error: Can't
|  resolve original location of error.

[+40749ms] [stdout] |
!  Vite ../../packages/surfaces/ui-system/src/components/ui/progress.tsx
|  (1:0): Module level directives cause errors when bundled, "use client"
|  in "../../packages/surfaces/ui-system/src/components/ui/progress.tsx"
|  was ignored.

[+40753ms] [stdout] |
!  Vite
|  ../../packages/surfaces/ui-system/src/components/ui/dropdown-menu.tsx
|  (1:0): Error when using sourcemap for reporting an error: Can't
|  resolve original location of error.

[+40754ms] [stdout] |
!  Vite
|  ../../packages/surfaces/ui-system/src/components/ui/dropdown-menu.tsx
|  (1:0): Module level directives cause errors when bundled, "use client"
|  in
|  "../../packages/surfaces/ui-system/src/components/ui/dropdown-menu.tsx"
|  was ignored.

[+40758ms] [stdout] |
!  Vite
|  ../../packages/surfaces/ui-system/src/components/ui/context-menu.tsx
|  (1:0): Error when using sourcemap for reporting an error: Can't
|  resolve original location of error.

[+40759ms] [stdout] |
!  Vite
|  ../../packages/surfaces/ui-system/src/components/ui/context-menu.tsx
|  (1:0): Module level directives cause errors when bundled, "use client"
|  in
|  "../../packages/surfaces/ui-system/src/components/ui/context-menu.tsx"
|  was ignored.

[+40765ms] [stdout] |
!  Vite ../../packages/surfaces/ui-system/src/components/ui/toggle.tsx
|  (1:0): Error when using sourcemap for reporting an error: Can't
|  resolve original location of error.

[+40766ms] [stdout] |
!  Vite ../../packages/surfaces/ui-system/src/components/ui/toggle.tsx
|  (1:0): Module level directives cause errors when bundled, "use client"
|  in "../../packages/surfaces/ui-system/src/components/ui/toggle.tsx"
|  was ignored.

[+40771ms] [stdout] |
!  Vite
|  ../../packages/surfaces/ui-system/src/components/ui/scroll-area.tsx
|  (1:0): Error when using sourcemap for reporting an error: Can't
|  resolve original location of error.

[+40771ms] [stdout] |
!  Vite
|  ../../packages/surfaces/ui-system/src/components/ui/scroll-area.tsx
|  (1:0): Module level directives cause errors when bundled, "use client"
|  in
|  "../../packages/surfaces/ui-system/src/components/ui/scroll-area.tsx"
|  was ignored.

[+40774ms] [stdout] |
!  Vite ../../packages/surfaces/ui-system/src/components/ui/label.tsx
|  (1:0): Error when using sourcemap for reporting an error: Can't
|  resolve original location of error.

[+40775ms] [stdout] |
!  Vite ../../packages/surfaces/ui-system/src/components/ui/label.tsx
|  (1:0): Module level directives cause errors when bundled, "use client"
|  in "../../packages/surfaces/ui-system/src/components/ui/label.tsx" was
|  ignored.

[+40781ms] [stdout] |
!  Vite
|  ../../packages/surfaces/ui-system/src/components/ui/data-table.tsx
|  (1:0): Error when using sourcemap for reporting an error: Can't
|  resolve original location of error.

[+40782ms] [stdout] |
!  Vite
|  ../../packages/surfaces/ui-system/src/components/ui/data-table.tsx
|  (1:0): Module level directives cause errors when bundled, "use client"
|  in
|  "../../packages/surfaces/ui-system/src/components/ui/data-table.tsx"
|  was ignored.

[+40798ms] [stdout] |
!  Vite ../../packages/surfaces/ui-system/src/components/ui/select.tsx
|  (1:0): Error when using sourcemap for reporting an error: Can't
|  resolve original location of error.

[+40799ms] [stdout] |
!  Vite ../../packages/surfaces/ui-system/src/components/ui/select.tsx
|  (1:0): Module level directives cause errors when bundled, "use client"
|  in "../../packages/surfaces/ui-system/src/components/ui/select.tsx"
|  was ignored.

[+40802ms] [stdout] |
!  Vite
|  ../../packages/surfaces/ui-system/src/components/ui/file-upload.tsx
|  (1:0): Error when using sourcemap for reporting an error: Can't
|  resolve original location of error.

[+40803ms] [stdout] |
!  Vite
|  ../../packages/surfaces/ui-system/src/components/ui/file-upload.tsx
|  (1:0): Module level directives cause errors when bundled, "use client"
|  in
|  "../../packages/surfaces/ui-system/src/components/ui/file-upload.tsx"
|  was ignored.

[+42203ms] [stdout] |
!  Vite
|  ../../node_modules/.pnpm/vaul@1.1.2_@types+react-dom_056e3a85599cf4d1888db17857d9fce5/node_modules/vaul/dist/index.mjs
|  (1:0): Module level directives cause errors when bundled, "use client"
|  in
|  "../../node_modules/.pnpm/vaul@1.1.2_@types+react-dom_056e3a85599cf4d1888db17857d9fce5/node_modules/vaul/dist/index.mjs"
|  was ignored.

[+42232ms] [stdout] |
!  Vite
|  ../../node_modules/.pnpm/next-themes@0.4.6_patch_has_828a22734ff9a487f84049d75445ef62/node_modules/next-themes/dist/index.mjs
|  (1:0): Module level directives cause errors when bundled, "use client"
|  in
|  "../../node_modules/.pnpm/next-themes@0.4.6_patch_has_828a22734ff9a487f84049d75445ef62/node_modules/next-themes/dist/index.mjs"
|  was ignored.

[+42631ms] [stdout] |
!  Vite
|  ../../node_modules/.pnpm/react-resizable-panels@4.12_a6d560a5d7c4b1ab554d60763200974d/node_modules/react-resizable-panels/dist/react-resizable-panels.js
|  (1:0): Module level directives cause errors when bundled, "use client"
|  in
|  "../../node_modules/.pnpm/react-resizable-panels@4.12_a6d560a5d7c4b1ab554d60763200974d/node_modules/react-resizable-panels/dist/react-resizable-panels.js"
|  was ignored.

[+42747ms] [stdout] |
!  Vite
|  ../../node_modules/.pnpm/cmdk@1.1.1_@types+react-dom_9eaead699190371bf94fd59ed9128cf0/node_modules/cmdk/dist/index.mjs
|  (1:0): Module level directives cause errors when bundled, "use client"
|  in
|  "../../node_modules/.pnpm/cmdk@1.1.1_@types+react-dom_9eaead699190371bf94fd59ed9128cf0/node_modules/cmdk/dist/index.mjs"
|  was ignored.

[+42932ms] [stdout] |
!  Vite
|  ../../packages/surfaces/ui-system/src/blocks/app-shell-block/header.tsx
|  (1:0): Error when using sourcemap for reporting an error: Can't
|  resolve original location of error.

[+42949ms] [stdout] |
!  Vite
|  ../../packages/surfaces/ui-system/src/blocks/app-shell-block/header.tsx
|  (1:0): Module level directives cause errors when bundled, "use client"
|  in
|  "../../packages/surfaces/ui-system/src/blocks/app-shell-block/header.tsx"
|  was ignored.

[+44591ms] [stdout] |
!  Vite
|  ../../node_modules/.pnpm/@radix-ui+react-avatar@1.2._84d298e9a1e91476e51865342652def6/node_modules/@radix-ui/react-avatar/dist/index.mjs
|  (1:0): Module level directives cause errors when bundled, "use client"
|  in
|  "../../node_modules/.pnpm/@radix-ui+react-avatar@1.2._84d298e9a1e91476e51865342652def6/node_modules/@radix-ui/react-avatar/dist/index.mjs"
|  was ignored.

[+44617ms] [stdout] |
!  Vite
|  ../../node_modules/.pnpm/@radix-ui+react-accordion@1_63a84e8e6c141ac03dc50c5e47704a49/node_modules/@radix-ui/react-accordion/dist/index.mjs
|  (1:0): Module level directives cause errors when bundled, "use client"
|  in
|  "../../node_modules/.pnpm/@radix-ui+react-accordion@1_63a84e8e6c141ac03dc50c5e47704a49/node_modules/@radix-ui/react-accordion/dist/index.mjs"
|  was ignored.

[+44780ms] [stdout] |
!  Vite
|  ../../node_modules/.pnpm/@radix-ui+react-alert-dialo_040b6ec2998859576a1dab9c2a01ef9e/node_modules/@radix-ui/react-alert-dialog/dist/index.mjs
|  (1:0): Module level directives cause errors when bundled, "use client"
|  in
|  "../../node_modules/.pnpm/@radix-ui+react-alert-dialo_040b6ec2998859576a1dab9c2a01ef9e/node_modules/@radix-ui/react-alert-dialog/dist/index.mjs"
|  was ignored.

[+44890ms] [stdout] |
!  Vite
|  ../../node_modules/.pnpm/@radix-ui+react-checkbox@1._c6280b518a2f7caca6946630bc88b3b2/node_modules/@radix-ui/react-checkbox/dist/index.mjs
|  (1:0): Module level directives cause errors when bundled, "use client"
|  in
|  "../../node_modules/.pnpm/@radix-ui+react-checkbox@1._c6280b518a2f7caca6946630bc88b3b2/node_modules/@radix-ui/react-checkbox/dist/index.mjs"
|  was ignored.

[+44999ms] [stdout] |
!  Vite
|  ../../node_modules/.pnpm/@radix-ui+react-context-men_628829ed0c54f9e38902122371113b37/node_modules/@radix-ui/react-context-menu/dist/index.mjs
|  (1:0): Module level directives cause errors when bundled, "use client"
|  in
|  "../../node_modules/.pnpm/@radix-ui+react-context-men_628829ed0c54f9e38902122371113b37/node_modules/@radix-ui/react-context-menu/dist/index.mjs"
|  was ignored.

[+45081ms] [stdout] |
!  Vite
|  ../../node_modules/.pnpm/@radix-ui+react-dialog@1.1._6318da823d85b27494da65a54faa03fe/node_modules/@radix-ui/react-dialog/dist/index.mjs
|  (1:0): Module level directives cause errors when bundled, "use client"
|  in
|  "../../node_modules/.pnpm/@radix-ui+react-dialog@1.1._6318da823d85b27494da65a54faa03fe/node_modules/@radix-ui/react-dialog/dist/index.mjs"
|  was ignored.

[+45227ms] [stdout] |
!  Vite
|  ../../node_modules/.pnpm/@radix-ui+react-direction@1_9bec579de163649479adfd5a7c87a4f6/node_modules/@radix-ui/react-direction/dist/index.mjs
|  (1:0): Module level directives cause errors when bundled, "use client"
|  in
|  "../../node_modules/.pnpm/@radix-ui+react-direction@1_9bec579de163649479adfd5a7c87a4f6/node_modules/@radix-ui/react-direction/dist/index.mjs"
|  was ignored.

[+45234ms] [stdout] |
!  Vite
|  ../../node_modules/.pnpm/@radix-ui+react-collapsible_ed36e929b08134476ca4cdab23d0ad9c/node_modules/@radix-ui/react-collapsible/dist/index.mjs
|  (1:0): Module level directives cause errors when bundled, "use client"
|  in
|  "../../node_modules/.pnpm/@radix-ui+react-collapsible_ed36e929b08134476ca4cdab23d0ad9c/node_modules/@radix-ui/react-collapsible/dist/index.mjs"
|  was ignored.

[+45318ms] [stdout] |
!  Vite
|  ../../node_modules/.pnpm/@radix-ui+react-hover-card@_f6adedbbacb4bda9251658b3b35869f5/node_modules/@radix-ui/react-hover-card/dist/index.mjs
|  (1:0): Module level directives cause errors when bundled, "use client"
|  in
|  "../../node_modules/.pnpm/@radix-ui+react-hover-card@_f6adedbbacb4bda9251658b3b35869f5/node_modules/@radix-ui/react-hover-card/dist/index.mjs"
|  was ignored.

[+45415ms] [stdout] |
!  Vite
|  ../../node_modules/.pnpm/@radix-ui+react-dropdown-me_ed9ed71de031475f25342c2aa91da56e/node_modules/@radix-ui/react-dropdown-menu/dist/index.mjs
|  (1:0): Module level directives cause errors when bundled, "use client"
|  in
|  "../../node_modules/.pnpm/@radix-ui+react-dropdown-me_ed9ed71de031475f25342c2aa91da56e/node_modules/@radix-ui/react-dropdown-menu/dist/index.mjs"
|  was ignored.

[+45490ms] [stdout] |
!  Vite
|  ../../node_modules/.pnpm/@radix-ui+react-menubar@1.1_4f29e50484a497abde63f40802c1eeaf/node_modules/@radix-ui/react-menubar/dist/index.mjs
|  (1:0): Module level directives cause errors when bundled, "use client"
|  in
|  "../../node_modules/.pnpm/@radix-ui+react-menubar@1.1_4f29e50484a497abde63f40802c1eeaf/node_modules/@radix-ui/react-menubar/dist/index.mjs"
|  was ignored.

[+45528ms] [stdout] |
!  Vite
|  ../../node_modules/.pnpm/@radix-ui+react-label@2.1.1_64f2dfc390bf501579a89c266d162e66/node_modules/@radix-ui/react-label/dist/index.mjs
|  (1:0): Module level directives cause errors when bundled, "use client"
|  in
|  "../../node_modules/.pnpm/@radix-ui+react-label@2.1.1_64f2dfc390bf501579a89c266d162e66/node_modules/@radix-ui/react-label/dist/index.mjs"
|  was ignored.

[+45536ms] [stdout] |
!  Vite
|  ../../node_modules/.pnpm/@radix-ui+react-navigation-_30d0ac2382ce99b9324797fa814564ff/node_modules/@radix-ui/react-navigation-menu/dist/index.mjs
|  (1:0): Module level directives cause errors when bundled, "use client"
|  in
|  "../../node_modules/.pnpm/@radix-ui+react-navigation-_30d0ac2382ce99b9324797fa814564ff/node_modules/@radix-ui/react-navigation-menu/dist/index.mjs"
|  was ignored.

[+45617ms] [stdout] |
!  Vite
|  ../../node_modules/.pnpm/@radix-ui+react-one-time-pa_a2bafa1f323b93c4bfab2c83a8bac705/node_modules/@radix-ui/react-one-time-password-field/dist/index.mjs
|  (1:0): Module level directives cause errors when bundled, "use client"
|  in
|  "../../node_modules/.pnpm/@radix-ui+react-one-time-pa_a2bafa1f323b93c4bfab2c83a8bac705/node_modules/@radix-ui/react-one-time-password-field/dist/index.mjs"
|  was ignored.

[+45675ms] [stdout] |
!  Vite
|  ../../node_modules/.pnpm/@radix-ui+react-portal@1.1._a3ea7c2ef551ff48b1233782953678e5/node_modules/@radix-ui/react-portal/dist/index.mjs
|  (1:0): Module level directives cause errors when bundled, "use client"
|  in
|  "../../node_modules/.pnpm/@radix-ui+react-portal@1.1._a3ea7c2ef551ff48b1233782953678e5/node_modules/@radix-ui/react-portal/dist/index.mjs"
|  was ignored.

[+45707ms] [stdout] |
!  Vite
|  ../../node_modules/.pnpm/@radix-ui+react-progress@1._d73225401a868f8393f1aad228e14772/node_modules/@radix-ui/react-progress/dist/index.mjs
|  (1:0): Module level directives cause errors when bundled, "use client"
|  in
|  "../../node_modules/.pnpm/@radix-ui+react-progress@1._d73225401a868f8393f1aad228e14772/node_modules/@radix-ui/react-progress/dist/index.mjs"
|  was ignored.

[+45721ms] [stdout] |
!  Vite
|  ../../node_modules/.pnpm/@radix-ui+react-password-to_9c77bd27a11b8c22422ade7073d0a8fb/node_modules/@radix-ui/react-password-toggle-field/dist/index.mjs
|  (1:0): Module level directives cause errors when bundled, "use client"
|  in
|  "../../node_modules/.pnpm/@radix-ui+react-password-to_9c77bd27a11b8c22422ade7073d0a8fb/node_modules/@radix-ui/react-password-toggle-field/dist/index.mjs"
|  was ignored.

[+45748ms] [stdout] |
!  Vite
|  ../../node_modules/.pnpm/@radix-ui+react-popover@1.1_6a64221b7d41ea507a346b5f61e63c9c/node_modules/@radix-ui/react-popover/dist/index.mjs
|  (1:0): Module level directives cause errors when bundled, "use client"
|  in
|  "../../node_modules/.pnpm/@radix-ui+react-popover@1.1_6a64221b7d41ea507a346b5f61e63c9c/node_modules/@radix-ui/react-popover/dist/index.mjs"
|  was ignored.

[+45787ms] [stdout] |
!  Vite
|  ../../node_modules/.pnpm/@radix-ui+react-radio-group_4a43637ac6516126aef2e8c037ca47dd/node_modules/@radix-ui/react-radio-group/dist/index.mjs
|  (1:0): Module level directives cause errors when bundled, "use client"
|  in
|  "../../node_modules/.pnpm/@radix-ui+react-radio-group_4a43637ac6516126aef2e8c037ca47dd/node_modules/@radix-ui/react-radio-group/dist/index.mjs"
|  was ignored.

[+45819ms] [stdout] |
!  Vite
|  ../../node_modules/.pnpm/@radix-ui+react-scroll-area_95b6bd8662bb33ef7241977b45a5625b/node_modules/@radix-ui/react-scroll-area/dist/index.mjs
|  (1:0): Module level directives cause errors when bundled, "use client"
|  in
|  "../../node_modules/.pnpm/@radix-ui+react-scroll-area_95b6bd8662bb33ef7241977b45a5625b/node_modules/@radix-ui/react-scroll-area/dist/index.mjs"
|  was ignored.

[+45901ms] [stdout] |
!  Vite
|  ../../node_modules/.pnpm/@radix-ui+react-select@2.3._361ee469b67bee0f9002372e2303d08a/node_modules/@radix-ui/react-select/dist/index.mjs
|  (1:0): Module level directives cause errors when bundled, "use client"
|  in
|  "../../node_modules/.pnpm/@radix-ui+react-select@2.3._361ee469b67bee0f9002372e2303d08a/node_modules/@radix-ui/react-select/dist/index.mjs"
|  was ignored.

[+46016ms] [stdout] |
!  Vite
|  ../../node_modules/.pnpm/@radix-ui+react-tabs@1.1.17_264a472487ea4f14b4273ca901ef60c8/node_modules/@radix-ui/react-tabs/dist/index.mjs
|  (1:0): Module level directives cause errors when bundled, "use client"
|  in
|  "../../node_modules/.pnpm/@radix-ui+react-tabs@1.1.17_264a472487ea4f14b4273ca901ef60c8/node_modules/@radix-ui/react-tabs/dist/index.mjs"
|  was ignored.

[+46039ms] [stdout] |
!  Vite
|  ../../node_modules/.pnpm/@radix-ui+react-toggle@1.1._1b687eee6da7a089aaf8917b965bc605/node_modules/@radix-ui/react-toggle/dist/index.mjs
|  (1:0): Module level directives cause errors when bundled, "use client"
|  in
|  "../../node_modules/.pnpm/@radix-ui+react-toggle@1.1._1b687eee6da7a089aaf8917b965bc605/node_modules/@radix-ui/react-toggle/dist/index.mjs"
|  was ignored.

[+46067ms] [stdout] |
!  Vite
|  ../../node_modules/.pnpm/@radix-ui+react-switch@1.3._b3c78339d4e071bb28b78730f4a750b0/node_modules/@radix-ui/react-switch/dist/index.mjs
|  (1:0): Module level directives cause errors when bundled, "use client"
|  in
|  "../../node_modules/.pnpm/@radix-ui+react-switch@1.3._b3c78339d4e071bb28b78730f4a750b0/node_modules/@radix-ui/react-switch/dist/index.mjs"
|  was ignored.

[+46108ms] [stdout] |
!  Vite
|  ../../node_modules/.pnpm/@radix-ui+react-toggle-grou_b5ec612da2d6f2d281264e2fe5c098b9/node_modules/@radix-ui/react-toggle-group/dist/index.mjs
|  (1:0): Module level directives cause errors when bundled, "use client"
|  in
|  "../../node_modules/.pnpm/@radix-ui+react-toggle-grou_b5ec612da2d6f2d281264e2fe5c098b9/node_modules/@radix-ui/react-toggle-group/dist/index.mjs"
|  was ignored.

[+46150ms] [stdout] |
!  Vite
|  ../../node_modules/.pnpm/@radix-ui+react-form@0.1.12_1a3311de097095e0dda83937bea62c41/node_modules/@radix-ui/react-form/dist/index.mjs
|  (1:0): Module level directives cause errors when bundled, "use client"
|  in
|  "../../node_modules/.pnpm/@radix-ui+react-form@0.1.12_1a3311de097095e0dda83937bea62c41/node_modules/@radix-ui/react-form/dist/index.mjs"
|  was ignored.

[+46196ms] [stdout] |
!  Vite
|  ../../node_modules/.pnpm/@radix-ui+react-toolbar@1.1_2f38211b4709a72d70fdf2c19a1bcd58/node_modules/@radix-ui/react-toolbar/dist/index.mjs
|  (1:0): Module level directives cause errors when bundled, "use client"
|  in
|  "../../node_modules/.pnpm/@radix-ui+react-toolbar@1.1_2f38211b4709a72d70fdf2c19a1bcd58/node_modules/@radix-ui/react-toolbar/dist/index.mjs"
|  was ignored.

[+46234ms] [stdout] |
!  Vite
|  ../../node_modules/.pnpm/@radix-ui+react-tooltip@1.2_6764f74d9c79d500ff7296df3c1e7f17/node_modules/@radix-ui/react-tooltip/dist/index.mjs
|  (1:0): Module level directives cause errors when bundled, "use client"
|  in
|  "../../node_modules/.pnpm/@radix-ui+react-tooltip@1.2_6764f74d9c79d500ff7296df3c1e7f17/node_modules/@radix-ui/react-tooltip/dist/index.mjs"
|  was ignored.

[+46279ms] [stdout] |
!  Vite
|  ../../node_modules/.pnpm/@radix-ui+react-toast@1.2.1_0a3fecfb747ad9892fb97be0c1eca469/node_modules/@radix-ui/react-toast/dist/index.mjs
|  (1:0): Module level directives cause errors when bundled, "use client"
|  in
|  "../../node_modules/.pnpm/@radix-ui+react-toast@1.2.1_0a3fecfb747ad9892fb97be0c1eca469/node_modules/@radix-ui/react-toast/dist/index.mjs"
|  was ignored.

[+46414ms] [stdout] |
!  Vite
|  ../../node_modules/.pnpm/@radix-ui+react-slider@1.4._ae363819cbcaeb91669a863d23d3d971/node_modules/@radix-ui/react-slider/dist/index.mjs
|  (1:0): Module level directives cause errors when bundled, "use client"
|  in
|  "../../node_modules/.pnpm/@radix-ui+react-slider@1.4._ae363819cbcaeb91669a863d23d3d971/node_modules/@radix-ui/react-slider/dist/index.mjs"
|  was ignored.

[+47628ms] [stdout] |
!  Vite
|  ../../packages/surfaces/ui-system/src/blocks/app-shell-block/header-compact-utility.tsx
|  (1:0): Error when using sourcemap for reporting an error: Can't
|  resolve original location of error.

[+47629ms] [stdout] |
!  Vite
|  ../../packages/surfaces/ui-system/src/blocks/app-shell-block/header-compact-utility.tsx
|  (1:0): Module level directives cause errors when bundled, "use client"
|  in
|  "../../packages/surfaces/ui-system/src/blocks/app-shell-block/header-compact-utility.tsx"
|  was ignored.

[+47638ms] [stdout] |
!  Vite
|  ../../packages/surfaces/ui-system/src/blocks/app-shell-block/header-utility-overflow.tsx
|  (1:0): Error when using sourcemap for reporting an error: Can't
|  resolve original location of error.

[+47639ms] [stdout] |
!  Vite
|  ../../packages/surfaces/ui-system/src/blocks/app-shell-block/header-utility-overflow.tsx
|  (1:0): Module level directives cause errors when bundled, "use client"
|  in
|  "../../packages/surfaces/ui-system/src/blocks/app-shell-block/header-utility-overflow.tsx"
|  was ignored.

[+47791ms] [stdout] |
!  Vite
|  ../../node_modules/.pnpm/@radix-ui+react-collection@_eed58c4d1ee1b2877541b8ef26bb352e/node_modules/@radix-ui/react-collection/dist/index.mjs
|  (1:0): Module level directives cause errors when bundled, "use client"
|  in
|  "../../node_modules/.pnpm/@radix-ui+react-collection@_eed58c4d1ee1b2877541b8ef26bb352e/node_modules/@radix-ui/react-collection/dist/index.mjs"
|  was ignored.

[+47835ms] [stdout] |
!  Vite
|  ../../node_modules/.pnpm/@radix-ui+react-presence@1._fdab0397b637854db22bd05c025055cf/node_modules/@radix-ui/react-presence/dist/index.mjs
|  (1:0): Module level directives cause errors when bundled, "use client"
|  in
|  "../../node_modules/.pnpm/@radix-ui+react-presence@1._fdab0397b637854db22bd05c025055cf/node_modules/@radix-ui/react-presence/dist/index.mjs"
|  was ignored.

[+47844ms] [stdout] |
!  Vite
|  ../../node_modules/.pnpm/@radix-ui+react-menu@2.1.20_8e2a54f5a4233c56019b4800378672de/node_modules/@radix-ui/react-menu/dist/index.mjs
|  (1:0): Module level directives cause errors when bundled, "use client"
|  in
|  "../../node_modules/.pnpm/@radix-ui+react-menu@2.1.20_8e2a54f5a4233c56019b4800378672de/node_modules/@radix-ui/react-menu/dist/index.mjs"
|  was ignored.

[+47914ms] [stdout] |
!  Vite
|  ../../node_modules/.pnpm/@radix-ui+react-focus-scope_bafa143ee9f6b9ccc6a91a93a557c727/node_modules/@radix-ui/react-focus-scope/dist/index.mjs
|  (1:0): Module level directives cause errors when bundled, "use client"
|  in
|  "../../node_modules/.pnpm/@radix-ui+react-focus-scope_bafa143ee9f6b9ccc6a91a93a557c727/node_modules/@radix-ui/react-focus-scope/dist/index.mjs"
|  was ignored.

[+47930ms] [stdout] |
!  Vite
|  ../../node_modules/.pnpm/@radix-ui+react-focus-guard_d12cf437e756179180edd58325ed5c49/node_modules/@radix-ui/react-focus-guards/dist/index.mjs
|  (1:0): Module level directives cause errors when bundled, "use client"
|  in
|  "../../node_modules/.pnpm/@radix-ui+react-focus-guard_d12cf437e756179180edd58325ed5c49/node_modules/@radix-ui/react-focus-guards/dist/index.mjs"
|  was ignored.

[+47934ms] [stdout] |
!  Vite
|  ../../node_modules/.pnpm/@radix-ui+react-dismissable_5699add134ab98e861a2eb197cb2f8c5/node_modules/@radix-ui/react-dismissable-layer/dist/index.mjs
|  (1:0): Module level directives cause errors when bundled, "use client"
|  in
|  "../../node_modules/.pnpm/@radix-ui+react-dismissable_5699add134ab98e861a2eb197cb2f8c5/node_modules/@radix-ui/react-dismissable-layer/dist/index.mjs"
|  was ignored.

[+47949ms] [stdout] |
!  Vite
|  ../../node_modules/.pnpm/@radix-ui+react-roving-focu_11f60709d33d34a6a5bc3523b495a8b2/node_modules/@radix-ui/react-roving-focus/dist/index.mjs
|  (1:0): Module level directives cause errors when bundled, "use client"
|  in
|  "../../node_modules/.pnpm/@radix-ui+react-roving-focu_11f60709d33d34a6a5bc3523b495a8b2/node_modules/@radix-ui/react-roving-focus/dist/index.mjs"
|  was ignored.

[+48003ms] [stdout] |
!  Vite
|  ../../node_modules/.pnpm/@radix-ui+react-popper@1.3._50563280250a3917a2ecad797578a6ad/node_modules/@radix-ui/react-popper/dist/index.mjs
|  (1:0): Module level directives cause errors when bundled, "use client"
|  in
|  "../../node_modules/.pnpm/@radix-ui+react-popper@1.3._50563280250a3917a2ecad797578a6ad/node_modules/@radix-ui/react-popper/dist/index.mjs"
|  was ignored.

[+48791ms] [stdout] |
!  Vite
|  ../../packages/surfaces/ui-system/src/blocks/app-shell-block/theme-customiser.tsx
|  (1:0): Error when using sourcemap for reporting an error: Can't
|  resolve original location of error.

[+48792ms] [stdout] |
!  Vite
|  ../../packages/surfaces/ui-system/src/blocks/app-shell-block/theme-customiser.tsx
|  (1:0): Module level directives cause errors when bundled, "use client"
|  in
|  "../../packages/surfaces/ui-system/src/blocks/app-shell-block/theme-customiser.tsx"
|  was ignored.

[+60172ms] [stdout] |  Vite ✓ 3739 modules transformed.

[+61382ms] [stdout] |  Vite rendering chunks...

[+63004ms] [stdout] |  Vite computing gzip size...

[+63188ms] [stdout] |  Vite
|  storybook-static/assets/geist-mono-symbols2-wght-normal-CO5SzqOn.woff2
|  5.81 kB

[+63189ms] [stdout] |  Vite
|  storybook-static/assets/geist-mono-cyrillic-ext-wght-normal-X_5orZeX.woff2
|  6.18 kB

[+63190ms] [stdout] |  Vite
|  storybook-static/assets/geist-cyrillic-ext-wght-normal-DjL33-gN.woff2
|  7.42 kB

[+63191ms] [stdout] |  Vite
|  storybook-static/assets/geist-mono-vietnamese-wght-normal-DadHysG0.woff2
|  7.70 kB

[+63193ms] [stdout] |  Vite
|  storybook-static/assets/geist-vietnamese-wght-normal-6IgcOCM7.woff2
|  8.00 kB

[+63195ms] [stdout] |  Vite
|  storybook-static/assets/geist-mono-cyrillic-wght-normal-DiZS0aHC.woff2
|  12.94 kB

[+63196ms] [stdout] |  Vite
|  storybook-static/assets/geist-mono-latin-ext-wght-normal-Bwz-egvJ.woff2
|  14.70 kB

[+63198ms] [stdout] |  Vite storybook-static/assets/geist-cyrillic-wght-normal-BEAKL7Jp.woff2
|  15.08 kB

[+63199ms] [stdout] |  Vite
|  storybook-static/assets/geist-latin-ext-wght-normal-DC-KSUi6.woff2
|  16.51 kB

[+63203ms] [stdout] |  Vite storybook-static/iframe.html
|  18.85 kB │ gzip:   5.27 kB

[+63204ms] [stdout] |  Vite
|  storybook-static/assets/geist-mono-latin-wght-normal-XN7g48iV.woff2
|  23.13 kB

[+63205ms] [stdout] |  Vite storybook-static/assets/geist-latin-wght-normal-BgDaEnEv.woff2
|  29.40 kB

[+63207ms] [stdout] |  Vite storybook-static/assets/iframe-WoJmejTL.css
|  115.33 kB │ gzip:  19.75 kB

[+63209ms] [stdout] |  Vite storybook-static/assets/index-BdQq_4o_.js
|  0.06 kB │ gzip:   0.08 kB

[+63211ms] [stdout] |  Vite storybook-static/assets/index-UI731JuP.js
|  0.13 kB │ gzip:   0.13 kB

[+63213ms] [stdout] |  Vite storybook-static/assets/index-CIleL52Q.js
|  0.13 kB │ gzip:   0.12 kB

[+63215ms] [stdout] |  Vite storybook-static/assets/index-hW6nt1xS.js
|  0.14 kB │ gzip:   0.14 kB

[+63216ms] [stdout] |  Vite storybook-static/assets/index-B-m5GLw5.js
|  0.16 kB │ gzip:   0.15 kB

[+63218ms] [stdout] |  Vite storybook-static/assets/index-CmiFkrpv.js
|  0.21 kB │ gzip:   0.18 kB

[+63220ms] [stdout] |  Vite storybook-static/assets/index-BHTdNgVI.js
|  0.23 kB │ gzip:   0.17 kB

[+63221ms] [stdout] |  Vite storybook-static/assets/index-BAhbkQd0.js
|  0.25 kB │ gzip:   0.22 kB

[+63223ms] [stdout] |  Vite storybook-static/assets/formatter-L2YTDE3Q-CjdzIul1.js
|  0.27 kB │ gzip:   0.22 kB

[+63225ms] [stdout] |  Vite storybook-static/assets/skeleton-CFVq3MFZ.js
|  0.30 kB │ gzip:   0.24 kB

[+63228ms] [stdout] |  Vite storybook-static/assets/check-B_rpPgk8.js
|  0.30 kB │ gzip:   0.25 kB

[+63230ms] [stdout] |  Vite storybook-static/assets/circle-Bzf36R-a.js
|  0.31 kB │ gzip:   0.25 kB

[+63232ms] [stdout] |  Vite storybook-static/assets/chevron-down-BmyI9-fR.js
|  0.31 kB │ gzip:   0.25 kB

[+63233ms] [stdout] |  Vite storybook-static/assets/chevron-up-CiQWoeiD.js
|  0.31 kB │ gzip:   0.26 kB

[+63235ms] [stdout] |  Vite storybook-static/assets/chevron-right-CkTU5kSg.js
|  0.31 kB │ gzip:   0.25 kB

[+63236ms] [stdout] |  Vite storybook-static/assets/x-DSHa4mT1.js
|  0.34 kB │ gzip:   0.26 kB

[+63238ms] [stdout] |  Vite storybook-static/assets/search-CDEWguTT.js
|  0.35 kB │ gzip:   0.28 kB

[+63240ms] [stdout] |  Vite storybook-static/assets/circle-check-big-BUJO_mjT.js
|  0.37 kB │ gzip:   0.29 kB

[+63242ms] [stdout] |  Vite storybook-static/assets/info-B-TrGy7I.js
|  0.38 kB │ gzip:   0.29 kB

[+63245ms] [stdout] |  Vite storybook-static/assets/index-CA_Pxr5R.js
|  0.40 kB │ gzip:   0.31 kB

[+63246ms] [stdout] |  Vite storybook-static/assets/ellipsis-Dtqi655I.js
|  0.40 kB │ gzip:   0.27 kB

[+63248ms] [stdout] |  Vite storybook-static/assets/circle-alert-NMx7ySHQ.js
|  0.43 kB │ gzip:   0.30 kB

[+63249ms] [stdout] |  Vite storybook-static/assets/triangle-alert-sBiZPk6b.js
|  0.45 kB │ gzip:   0.32 kB

[+63251ms] [stdout] |  Vite storybook-static/assets/inbox-CW_YFCXA.js
|  0.47 kB │ gzip:   0.34 kB

[+63252ms] [stdout] |  Vite storybook-static/assets/bell-DkfIGjNH.js
|  0.47 kB │ gzip:   0.35 kB

[+63254ms] [stdout] |  Vite storybook-static/assets/code-DCAlEmgD.js
|  0.51 kB │ gzip:   0.35 kB

[+63255ms] [stdout] |  Vite storybook-static/assets/shield-alert-jb564KBp.js
|  0.54 kB │ gzip:   0.37 kB

[+63256ms] [stdout] |  Vite storybook-static/assets/index-SucCqaWY.js
|  0.55 kB │ gzip:   0.35 kB

[+63258ms] [stdout] |  Vite storybook-static/assets/index-9s3Zm3sN.js
|  0.57 kB │ gzip:   0.40 kB

[+63260ms] [stdout] |  Vite storybook-static/assets/file-text-BJ2wI68k.js
|  0.57 kB │ gzip:   0.36 kB

[+63263ms] [stdout] |  Vite storybook-static/assets/collapsible-C7e-ounk.js
|  0.59 kB │ gzip:   0.28 kB

[+63265ms] [stdout] |  Vite storybook-static/assets/settings-CkzgE0OO.js
|  0.67 kB │ gzip:   0.36 kB

[+63268ms] [stdout] |  Vite storybook-static/assets/textarea-BKFhD7vS.js
|  0.75 kB │ gzip:   0.45 kB

[+63270ms] [stdout] |  Vite storybook-static/assets/label-BF5TuV_N.js
|  0.77 kB │ gzip:   0.49 kB

[+63271ms] [stdout] |  Vite storybook-static/assets/input-KUQI0ocN.js
|  0.99 kB │ gzip:   0.53 kB

[+63273ms] [stdout] |  Vite storybook-static/assets/separator-CQeMFdVx.js
|  1.02 kB │ gzip:   0.52 kB

[+63276ms] [stdout] |  Vite storybook-static/assets/index-x-HnVsBu.js
|  1.05 kB │ gzip:   0.59 kB

[+63278ms] [stdout] |  Vite storybook-static/assets/search-field-NbQXpPvW.js
|  1.08 kB │ gzip:   0.63 kB

[+63279ms] [stdout] |  Vite storybook-static/assets/bulk-action-bar-DoGbGoqG.js
|  1.10 kB │ gzip:   0.59 kB

[+63280ms] [stdout] |  Vite storybook-static/assets/spinner-BLBzGqME.js
|  1.11 kB │ gzip:   0.61 kB

[+63282ms] [stdout] |  Vite storybook-static/assets/index-BZ3RO5dv.js
|  1.16 kB │ gzip:   0.59 kB

[+63284ms] [stdout] |  Vite storybook-static/assets/index-sSS2oniL.js
|  1.24 kB │ gzip:   0.62 kB

[+63286ms] [stdout] |  Vite storybook-static/assets/preload-helper-Dp1pzeXC.js
|  1.27 kB │ gzip:   0.73 kB

[+63287ms] [stdout] |  Vite storybook-static/assets/DocsRenderer-JROSPFPF-D3J4kFG9.js
|  1.27 kB │ gzip:   0.70 kB

[+63288ms] [stdout] |  Vite storybook-static/assets/alert-B-1ZO_Sw.js
|  1.30 kB │ gzip:   0.58 kB

[+63290ms] [stdout] |  Vite storybook-static/assets/empty-SgJ9LOEk.js
|  1.39 kB │ gzip:   0.63 kB

[+63292ms] [stdout] |  Vite storybook-static/assets/toggle-CO61jgp7.js
|  1.69 kB │ gzip:   0.87 kB

[+63294ms] [stdout] |  Vite storybook-static/assets/native-select-CEZvB5zS.js
|  2.04 kB │ gzip:   0.87 kB

[+63296ms] [stdout] |  Vite storybook-static/assets/breadcrumb-Fv8Mh4qc.js
|  2.09 kB │ gzip:   0.74 kB

[+63299ms] [stdout] |  Vite storybook-static/assets/page-header-9WSRq1Tc.js
|  2.35 kB │ gzip:   0.68 kB

[+63301ms] [stdout] |  Vite storybook-static/assets/button-BvF8QzQW.js
|  2.37 kB │ gzip:   0.95 kB

[+63304ms] [stdout] |  Vite storybook-static/assets/index-CZQ4UIWY.js
|  2.45 kB │ gzip:   1.07 kB

[+63306ms] [stdout] |  Vite storybook-static/assets/pagination-CK4p7qkZ.js
|  2.54 kB │ gzip:   0.95 kB

[+63308ms] [stdout] |  Vite storybook-static/assets/createLucideIcon-Bk9WJ4x1.js
|  2.58 kB │ gzip:   0.89 kB

[+63325ms] [stdout] |  Vite storybook-static/assets/index-D7XzvB4C.js
|  2.59 kB │ gzip:   1.13 kB

[+63327ms] [stdout] |  Vite storybook-static/assets/status-badge-COQiIRp6.js
|  3.38 kB │ gzip:   1.30 kB

[+63330ms] [stdout] |  Vite storybook-static/assets/key-value-BASvyn4U.js
|  3.45 kB │ gzip:   1.23 kB

[+63331ms] [stdout] |  Vite storybook-static/assets/dialog-MiYC2obw.js
|  3.60 kB │ gzip:   1.19 kB

[+63333ms] [stdout] |  Vite storybook-static/assets/sheet-CgEA3GKX.js
|  3.60 kB │ gzip:   1.16 kB

[+63334ms] [stdout] |  Vite storybook-static/assets/index-CTDgoVF9.js
|  3.89 kB │ gzip:   1.52 kB

[+63336ms] [stdout] |  Vite storybook-static/assets/index-qJT_mQ3l.js
|  4.12 kB │ gzip:   1.82 kB

[+63338ms] [stdout] |  Vite storybook-static/assets/checkbox-DSx-NEm3.js
|  4.43 kB │ gzip:   1.90 kB

[+63339ms] [stdout] |  Vite storybook-static/assets/index-CB76TzhS.js
|  4.52 kB │ gzip:   1.66 kB

[+63341ms] [stdout] |  Vite storybook-static/assets/switch-BOSyNA7f.js
|  4.52 kB │ gzip:   1.93 kB

[+63343ms] [stdout] |  Vite storybook-static/assets/metric-card--HJ09bcU.js
|  4.59 kB │ gzip:   1.50 kB

[+63346ms] [stdout] |  Vite storybook-static/assets/avatar-C1Feso6z.js
|  4.66 kB │ gzip:   1.71 kB

[+63349ms] [stdout] |  Vite storybook-static/assets/field-DrKEnUA4.js
|  5.45 kB │ gzip:   1.71 kB

[+63351ms] [stdout] |  Vite storybook-static/assets/tabs-BoiPftwf.js
|  5.56 kB │ gzip:   1.99 kB

[+63352ms] [stdout] |  Vite storybook-static/assets/workspace-page.stories-CU_EBMeO.js
|  5.65 kB │ gzip:   1.88 kB

[+63354ms] [stdout] |  Vite storybook-static/assets/index-CmyDkMkI.js
|  5.70 kB │ gzip:   2.00 kB

[+63355ms] [stdout] |  Vite storybook-static/assets/form-field-BRVHAqDR.js
|  5.79 kB │ gzip:   1.63 kB

[+63356ms] [stdout] |  Vite storybook-static/assets/spinner.stories-CUaApNyi.js
|  5.97 kB │ gzip:   1.77 kB

[+63358ms] [stdout] |  Vite storybook-static/assets/alert-dialog-SXKbfNJc.js
|  6.08 kB │ gzip:   1.73 kB

[+63360ms] [stdout] |  Vite storybook-static/assets/interactions-ledUYp-T.js
|  6.47 kB │ gzip:   1.64 kB

[+63362ms] [stdout] |  Vite storybook-static/assets/radio-group-jCHTkTg_.js
|  6.66 kB │ gzip:   2.57 kB

[+63365ms] [stdout] |  Vite storybook-static/assets/popover-CPXGbIDO.js
|  6.80 kB │ gzip:   2.30 kB

[+63366ms] [stdout] |  Vite storybook-static/assets/stepper.stories-yvKm2JnO.js
|  7.33 kB │ gzip:   2.22 kB

[+63368ms] [stdout] |  Vite storybook-static/assets/status-badge.stories-BEmzXru8.js
|  7.38 kB │ gzip:   2.04 kB

[+63369ms] [stdout] |  Vite storybook-static/assets/tooltip-CPKamtJW.js
|  9.37 kB │ gzip:   3.36 kB

[+63370ms] [stdout] |  Vite storybook-static/assets/switch.stories-BjuQqcMi.js
|  9.73 kB │ gzip:   2.10 kB

[+63372ms] [stdout] |  Vite storybook-static/assets/contract-docs-CjEBDQp2.js
|  10.84 kB │ gzip:   2.57 kB

[+63373ms] [stdout] |  Vite storybook-static/assets/dropdown-menu-lUNOoyG5.js
|  11.61 kB │ gzip:   2.87 kB

[+63375ms] [stdout] |  Vite storybook-static/assets/search-field.stories-Dm34S9ND.js
|  12.47 kB │ gzip:   3.43 kB

[+63378ms] [stdout] |  Vite storybook-static/assets/scroll-area-CjuNN2SQ.js
|  13.28 kB │ gzip:   4.20 kB

[+63380ms] [stdout] |  Vite storybook-static/assets/index-DkX6z8Nf.js
|  14.00 kB │ gzip:   4.72 kB

[+63381ms] [stdout] |  Vite storybook-static/assets/textarea.stories-XHQKlcQj.js
|  14.18 kB │ gzip:   3.52 kB

[+63382ms] [stdout] |  Vite storybook-static/assets/saved-view-select.stories-WONSJ62p.js
|  14.61 kB │ gzip:   4.02 kB

[+63384ms] [stdout] |  Vite storybook-static/assets/sidebar-BbBOsEjp.js
|  14.71 kB │ gzip:   3.89 kB

[+63385ms] [stdout] |  Vite storybook-static/assets/scroll-area.stories-D9wWO5Sx.js
|  16.11 kB │ gzip:   3.69 kB

[+63387ms] [stdout] |  Vite storybook-static/assets/command-D3GOqhLV.js
|  16.29 kB │ gzip:   5.83 kB

[+63388ms] [stdout] |  Vite storybook-static/assets/sidebar.stories-u8OovX-T.js
|  16.78 kB │ gzip:   3.40 kB

[+63390ms] [stdout] |  Vite storybook-static/assets/index-CabmxFqw.js
|  16.87 kB │ gzip:   6.41 kB

[+63391ms] [stdout] |  Vite storybook-static/assets/slider.stories-aGVs8kYo.js
|  16.95 kB │ gzip:   5.74 kB

[+63393ms] [stdout] |  Vite storybook-static/assets/timeline.stories-BG34TSPN.js
|  17.37 kB │ gzip:   4.25 kB

[+63394ms] [stdout] |  Vite storybook-static/assets/numeric-input.stories-CTy7JOyL.js
|  17.41 kB │ gzip:   4.04 kB

[+63395ms] [stdout] |  Vite storybook-static/assets/page-header.stories-Pr018f4c.js
|  17.43 kB │ gzip:   3.57 kB

[+63397ms] [stdout] |  Vite storybook-static/assets/table.stories-LLasHCyg.js
|  18.46 kB │ gzip:   3.43 kB

[+63398ms] [stdout] |  Vite storybook-static/assets/radio-group.stories-CrKfUuIs.js
|  18.97 kB │ gzip:   3.50 kB

[+63400ms] [stdout] |  Vite storybook-static/assets/skeleton.stories-C-mcO9xX.js
|  19.07 kB │ gzip:   3.54 kB

[+63401ms] [stdout] |  Vite storybook-static/assets/popover.stories-BNWZRRAY.js
|  19.19 kB │ gzip:   3.90 kB

[+63403ms] [stdout] |  Vite storybook-static/assets/key-value.stories-Dy1ZCVOA.js
|  19.63 kB │ gzip:   4.38 kB

[+63405ms] [stdout] |  Vite storybook-static/assets/tree-view.stories-cO0oEU-8.js
|  20.19 kB │ gzip:   4.64 kB

[+63408ms] [stdout] |  Vite storybook-static/assets/tabs.stories-DG3cQvA7.js
|  20.32 kB │ gzip:   3.82 kB

[+63410ms] [stdout] |  Vite storybook-static/assets/tokens.stories-D0SjvEZD.js
|  20.87 kB │ gzip:   4.73 kB

[+63412ms] [stdout] |  Vite storybook-static/assets/pagination.stories-D54xpE5z.js
|  21.05 kB │ gzip:   3.56 kB

[+63413ms] [stdout] |  Vite storybook-static/assets/master-detail.stories-W-cIceTo.js
|  21.41 kB │ gzip:   4.44 kB

[+63414ms] [stdout] |  Vite storybook-static/assets/toggle.stories-CZ4HbNVJ.js
|  22.79 kB │ gzip:   4.50 kB

[+63416ms] [stdout] |  Vite storybook-static/assets/form-error.stories-Bd3mObsh.js
|  22.93 kB │ gzip:   4.85 kB

[+63417ms] [stdout] |  Vite storybook-static/assets/separator.stories-BAmKBvWf.js
|  23.33 kB │ gzip:   3.98 kB

[+63418ms] [stdout] |  Vite storybook-static/assets/resizable.stories-CZFRvZwT.js
|  24.20 kB │ gzip:   3.94 kB

[+63419ms] [stdout] |  Vite storybook-static/assets/input.stories-Cpnzy3Vd.js
|  24.40 kB │ gzip:   4.79 kB

[+63421ms] [stdout] |  Vite storybook-static/assets/select-DlrrcjMJ.js
|  24.90 kB │ gzip:   8.28 kB

[+63422ms] [stdout] |  Vite storybook-static/assets/metric-card.stories-DKY1CpHi.js
|  24.92 kB │ gzip:   5.02 kB

[+63423ms] [stdout] |  Vite storybook-static/assets/breadcrumb.stories-C1O_kLRU.js
|  25.35 kB │ gzip:   3.81 kB

[+63424ms] [stdout] |  Vite storybook-static/assets/command.stories-sm2NMjft.js
|  25.51 kB │ gzip:   5.18 kB

[+63427ms] [stdout] |  Vite storybook-static/assets/hover-card.stories-BXShBaum.js
|  25.52 kB │ gzip:   5.59 kB

[+63428ms] [stdout] |  Vite storybook-static/assets/toolbar.stories-DulJ_CHN.js
|  25.67 kB │ gzip:   3.94 kB

[+63430ms] [stdout] |  Vite storybook-static/assets/combobox.stories-8vGYwH-e.js
|  26.82 kB │ gzip:   6.12 kB

[+63431ms] [stdout] |  Vite storybook-static/assets/progress.stories-BykSelHt.js
|  27.00 kB │ gzip:   5.24 kB

[+63432ms] [stdout] |  Vite storybook-static/assets/tooltip.stories-BFrVHiZ3.js
|  27.13 kB │ gzip:   4.37 kB

[+63433ms] [stdout] |  Vite storybook-static/assets/date-time-picker.stories-CReohJ5C.js
|  27.14 kB │ gzip:   5.05 kB

[+63435ms] [stdout] |  Vite storybook-static/assets/kbd.stories-Bo2w8G_E.js
|  27.40 kB │ gzip:   4.55 kB

[+63437ms] [stdout] |  Vite storybook-static/assets/index-NmxJuNOx.js
|  27.60 kB │ gzip:  10.66 kB

[+63438ms] [stdout] |  Vite storybook-static/assets/file-upload.stories-D04471iv.js
|  28.05 kB │ gzip:   5.80 kB

[+63440ms] [stdout] |  Vite storybook-static/assets/select.stories-DFam8sO6.js
|  28.16 kB │ gzip:   5.07 kB

[+63442ms] [stdout] |  Vite storybook-static/vite-inject-mocker-entry.js
|  28.53 kB │ gzip:   9.94 kB

[+63444ms] [stdout] |  Vite storybook-static/assets/empty.stories-DBn0bM98.js
|  28.55 kB │ gzip:   5.00 kB

[+63445ms] [stdout] |  Vite
|  storybook-static/assets/column-visibility-menu.stories-B_VG82KV.js
|  28.76 kB │ gzip:   5.72 kB

[+63446ms] [stdout] |  Vite storybook-static/assets/native-select.stories-OvQHno84.js
|  29.32 kB │ gzip:   4.43 kB

[+63448ms] [stdout] |  Vite storybook-static/assets/matchers-JIUQ3HVY-CAdg16Fl.js
|  29.38 kB │ gzip:  10.06 kB

[+63449ms] [stdout] |  Vite storybook-static/assets/dropdown-menu.stories-BilL_wil.js
|  29.53 kB │ gzip:   5.08 kB

[+63450ms] [stdout] |  Vite storybook-static/assets/label.stories-0IUQ1tkM.js
|  29.76 kB │ gzip:   5.28 kB

[+63451ms] [stdout] |  Vite storybook-static/assets/toggle-group.stories-oD-OB4AM.js
|  29.81 kB │ gzip:   5.64 kB

[+63453ms] [stdout] |  Vite storybook-static/assets/bulk-action-bar.stories-BMTnd1R9.js
|  30.38 kB │ gzip:   5.60 kB

[+63454ms] [stdout] |  Vite storybook-static/assets/Color-6AOWCN3U-DXbWjeyt.js
|  30.39 kB │ gzip:  11.50 kB

[+63455ms] [stdout] |  Vite storybook-static/assets/data-table.stories-CECmu2b0.js
|  30.64 kB │ gzip:   6.99 kB

[+63456ms] [stdout] |  Vite storybook-static/assets/sheet.stories-BMspSUie.js
|  30.82 kB │ gzip:   5.05 kB

[+63457ms] [stdout] |  Vite storybook-static/assets/calendar.stories-3uYDpHou.js
|  30.93 kB │ gzip:   5.67 kB

[+63459ms] [stdout] |  Vite storybook-static/assets/code.stories-fn_Ezhk7.js
|  31.14 kB │ gzip:   4.96 kB

[+63461ms] [stdout] |  Vite storybook-static/assets/checkbox.stories-BWyKDLlk.js
|  32.30 kB │ gzip:   5.58 kB

[+63462ms] [stdout] |  Vite storybook-static/assets/WithTooltip-7X4HQR7L-DwkholUG.js
|  33.19 kB │ gzip:  11.66 kB

[+63464ms] [stdout] |  Vite storybook-static/assets/menubar.stories-CWA0k_u4.js
|  33.32 kB │ gzip:   7.38 kB

[+63465ms] [stdout] |  Vite storybook-static/assets/card.stories-BsLWAxX4.js
|  34.04 kB │ gzip:   6.26 kB

[+63466ms] [stdout] |  Vite storybook-static/assets/date-picker.stories-ptcZV5sK.js
|  34.63 kB │ gzip:   6.63 kB

[+63468ms] [stdout] |  Vite storybook-static/assets/alert.stories-CH9IxY6G.js
|  35.09 kB │ gzip:   5.39 kB

[+63469ms] [stdout] |  Vite storybook-static/assets/filter-bar.stories-DR47erMR.js
|  35.26 kB │ gzip:   6.42 kB

[+63470ms] [stdout] |  Vite storybook-static/assets/app-shell.stories-DAPuY6Rt.js
|  35.31 kB │ gzip:  11.49 kB

[+63471ms] [stdout] |  Vite storybook-static/assets/form-field.stories-ySPkdBLj.js
|  35.42 kB │ gzip:   6.12 kB

[+63473ms] [stdout] |  Vite storybook-static/assets/resizable-DaiwlkzR.js
|  35.63 kB │ gzip:  11.98 kB

[+63475ms] [stdout] |  Vite storybook-static/assets/badge.stories-BLHkoGvj.js
|  36.69 kB │ gzip:   5.16 kB

[+63478ms] [stdout] |  Vite storybook-static/assets/change-diff.stories-54Ak7Uva.js
|  36.70 kB │ gzip:   6.31 kB

[+63480ms] [stdout] |  Vite storybook-static/assets/async-state.stories-j9evkhnI.js
|  37.06 kB │ gzip:   5.45 kB

[+63482ms] [stdout] |  Vite storybook-static/assets/avatar.stories-B1eiH5Ix.js
|  37.52 kB │ gzip:   4.76 kB

[+63484ms] [stdout] |  Vite storybook-static/assets/button-group.stories-pXWi11YM.js
|  38.80 kB │ gzip:   6.54 kB

[+63487ms] [stdout] |  Vite storybook-static/assets/field.stories-C4Qq7Bhr.js
|  39.22 kB │ gzip:   6.11 kB

[+63488ms] [stdout] |  Vite storybook-static/assets/alert-dialog.stories-DRZOo0yu.js
|  39.83 kB │ gzip:   5.29 kB

[+63490ms] [stdout] |  Vite storybook-static/assets/collapsible.stories-XYo0vUdo.js
|  40.87 kB │ gzip:   5.59 kB

[+63491ms] [stdout] |  Vite storybook-static/assets/sonner.stories-CJm4OOPQ.js
|  41.20 kB │ gzip:  11.86 kB

[+63493ms] [stdout] |  Vite storybook-static/assets/context-menu.stories-CD9H7uhT.js
|  41.37 kB │ gzip:   7.97 kB

[+63495ms] [stdout] |  Vite storybook-static/assets/dialog.stories-Bh64JWEb.js
|  41.77 kB │ gzip:   7.06 kB

[+63497ms] [stdout] |  Vite storybook-static/assets/accordion.stories-Da221gnc.js
|  42.66 kB │ gzip:   7.86 kB

[+63499ms] [stdout] |  Vite storybook-static/assets/input-group.stories-l1zrsw66.js
|  43.79 kB │ gzip:   7.91 kB

[+63501ms] [stdout] |  Vite storybook-static/assets/button.stories-DDEhVRGH.js
|  45.30 kB │ gzip:   8.15 kB

[+63503ms] [stdout] |  Vite storybook-static/assets/drawer.stories-CFkRjXp7.js
|  60.15 kB │ gzip:  14.30 kB

[+63504ms] [stdout] |  Vite storybook-static/assets/data-table--bHwsDVS.js
|  61.92 kB │ gzip:  16.51 kB

[+63505ms] [stdout] |  Vite storybook-static/assets/calendar-DomqiKw9.js
|  73.23 kB │ gzip:  21.26 kB

[+63506ms] [stdout] |  Vite storybook-static/assets/syntaxhighlighter-T5IQBZDB-DCksqEY4.js
|  77.97 kB │ gzip:  27.27 kB

[+63509ms] [stdout] |  Vite storybook-static/assets/react-18-rb6UYyNv.js
|  181.75 kB │ gzip:  57.20 kB

[+63510ms] [stdout] |  Vite storybook-static/assets/evidence-Bc_e3f-y.js
|  284.58 kB │ gzip:  70.31 kB

[+63512ms] [stdout] |  Vite storybook-static/assets/chart.stories-DyrNeEXs.js
|  414.05 kB │ gzip: 117.88 kB

[+63514ms] [stdout] |  Vite storybook-static/assets/axe-DUN7BSs9.js
|  592.93 kB │ gzip: 163.81 kB

[+63515ms] [stdout] |  Vite storybook-static/assets/blocks-9vcdCpzE.js
|  854.55 kB │ gzip: 272.75 kB

[+63516ms] [stdout] |  Vite storybook-static/assets/iframe-Cy2yE6gh.js
|  1,176.91 kB │ gzip: 337.49 kB

[+63520ms] [stdout] |
!  Vite
|  (!) Some chunks are larger than 500 kB after minification. Consider:
|  - Using dynamic import() to code-split the application
|  - Use build.rollupOptions.output.manualChunks to improve chunking:
|  https://rollupjs.org/configuration-options/#output-manualchunks
|  - Adjust chunk size limit for this warning via
|  build.chunkSizeWarningLimit.

[+63522ms] [stdout] |  Vite ✓ built in 48.37s

[+64558ms] [stdout] |
o  Output directory:
|  C:/JackProject/afenda-bolt/afenda-lite/apps/storybook/storybook-static

[+64559ms] [stdout] |
—  Storybook build completed successfully
