[+877ms] [stdout]
> @afenda/storybook@0.0.0 build C:\JackProject\afenda-bolt\afenda-lite\apps\storybook
> storybook build --output-dir storybook-static


[+2388ms] [stdout]

[+2392ms] [stdout] T  Building storybook v10.5.5

[+3117ms] [stdout] |
o  Cleaning outputDir: storybook-static

[+3248ms] [stdout] |
o  Loading presets

[+8442ms] [stdout] |
o  Building manager..

[+9082ms] [stdout] |
•  Building open services..

[+9084ms] [stdout] |
•  Building preview..

[+9643ms] [stdout] |  Vite vite v6.4.3 building for production...

[+10079ms] [stdout] |  Vite transforming...

[+21043ms] [stdout] |
!  Vite
|  ../../node_modules/.pnpm/sonner@2.0.7_react-dom@19.2.7_react@19.2.7__react@19.2.7/node_modules/sonner/dist/index.mjs
|  (1:0): Module level directives cause errors when bundled, "use client"
|  in
|  "../../node_modules/.pnpm/sonner@2.0.7_react-dom@19.2.7_react@19.2.7__react@19.2.7/node_modules/sonner/dist/index.mjs"
|  was ignored.

[+25090ms] [stdout] |
!  Vite
|  ../../node_modules/.pnpm/lucide-react@1.23.0_react@19.2.7/node_modules/lucide-react/dist/esm/context.mjs
|  (2:0): Module level directives cause errors when bundled, "use client"
|  in
|  "../../node_modules/.pnpm/lucide-react@1.23.0_react@19.2.7/node_modules/lucide-react/dist/esm/context.mjs"
|  was ignored.

[+25110ms] [stdout] |
!  Vite
|  ../../node_modules/.pnpm/lucide-react@1.23.0_react@19.2.7/node_modules/lucide-react/dist/esm/Icon.mjs
|  (2:0): Module level directives cause errors when bundled, "use client"
|  in
|  "../../node_modules/.pnpm/lucide-react@1.23.0_react@19.2.7/node_modules/lucide-react/dist/esm/Icon.mjs"
|  was ignored.

[+29189ms] [stdout] |
!  Vite
|  ../../packages/surfaces/ui-system/src/app-shell/profile-dropdown.tsx
|  (1:0): Error when using sourcemap for reporting an error: Can't
|  resolve original location of error.

[+29190ms] [stdout] |
!  Vite
|  ../../packages/surfaces/ui-system/src/app-shell/profile-dropdown.tsx
|  (1:0): Module level directives cause errors when bundled, "use client"
|  in
|  "../../packages/surfaces/ui-system/src/app-shell/profile-dropdown.tsx"
|  was ignored.

[+29199ms] [stdout] |
!  Vite
|  ../../packages/surfaces/ui-system/src/app-shell/notification-dropdown.tsx
|  (1:0): Error when using sourcemap for reporting an error: Can't
|  resolve original location of error.

[+29200ms] [stdout] |
!  Vite
|  ../../packages/surfaces/ui-system/src/app-shell/notification-dropdown.tsx
|  (1:0): Module level directives cause errors when bundled, "use client"
|  in
|  "../../packages/surfaces/ui-system/src/app-shell/notification-dropdown.tsx"
|  was ignored.

[+29209ms] [stdout] |
!  Vite ../../packages/surfaces/ui-system/src/app-shell/command-menu.tsx
|  (1:0): Error when using sourcemap for reporting an error: Can't
|  resolve original location of error.

[+29210ms] [stdout] |
!  Vite ../../packages/surfaces/ui-system/src/app-shell/command-menu.tsx
|  (1:0): Module level directives cause errors when bundled, "use client"
|  in "../../packages/surfaces/ui-system/src/app-shell/command-menu.tsx"
|  was ignored.

[+30111ms] [stdout] |
!  Vite ../../packages/surfaces/ui-system/src/components/ui/accordion.tsx
|  (1:0): Error when using sourcemap for reporting an error: Can't
|  resolve original location of error.

[+30112ms] [stdout] |
!  Vite ../../packages/surfaces/ui-system/src/components/ui/accordion.tsx
|  (1:0): Module level directives cause errors when bundled, "use client"
|  in "../../packages/surfaces/ui-system/src/components/ui/accordion.tsx"
|  was ignored.

[+30131ms] [stdout] |
!  Vite ../../packages/surfaces/ui-system/src/components/ui/menubar.tsx
|  (1:0): Error when using sourcemap for reporting an error: Can't
|  resolve original location of error.

[+30132ms] [stdout] |
!  Vite ../../packages/surfaces/ui-system/src/components/ui/menubar.tsx
|  (1:0): Module level directives cause errors when bundled, "use client"
|  in "../../packages/surfaces/ui-system/src/components/ui/menubar.tsx"
|  was ignored.

[+30141ms] [stdout] |
!  Vite
|  ../../packages/surfaces/ui-system/src/components/ui/input-group.tsx
|  (1:0): Error when using sourcemap for reporting an error: Can't
|  resolve original location of error.

[+30143ms] [stdout] |
!  Vite
|  ../../packages/surfaces/ui-system/src/components/ui/input-group.tsx
|  (1:0): Module level directives cause errors when bundled, "use client"
|  in
|  "../../packages/surfaces/ui-system/src/components/ui/input-group.tsx"
|  was ignored.

[+30156ms] [stdout] |
!  Vite
|  ../../packages/surfaces/ui-system/src/components/ui/scroll-area.tsx
|  (1:0): Error when using sourcemap for reporting an error: Can't
|  resolve original location of error.

[+30158ms] [stdout] |
!  Vite
|  ../../packages/surfaces/ui-system/src/components/ui/scroll-area.tsx
|  (1:0): Module level directives cause errors when bundled, "use client"
|  in
|  "../../packages/surfaces/ui-system/src/components/ui/scroll-area.tsx"
|  was ignored.

[+30162ms] [stdout] |
!  Vite
|  ../../packages/surfaces/ui-system/src/blocks/app-shell-block/shared/dialog-activity.tsx
|  (1:0): Error when using sourcemap for reporting an error: Can't
|  resolve original location of error.

[+30164ms] [stdout] |
!  Vite
|  ../../packages/surfaces/ui-system/src/blocks/app-shell-block/shared/dialog-activity.tsx
|  (1:0): Module level directives cause errors when bundled, "use client"
|  in
|  "../../packages/surfaces/ui-system/src/blocks/app-shell-block/shared/dialog-activity.tsx"
|  was ignored.

[+30174ms] [stdout] |
!  Vite
|  ../../packages/surfaces/ui-system/src/components/ui/date-time-picker.tsx
|  (1:0): Error when using sourcemap for reporting an error: Can't
|  resolve original location of error.

[+30175ms] [stdout] |
!  Vite
|  ../../packages/surfaces/ui-system/src/components/ui/date-time-picker.tsx
|  (1:0): Module level directives cause errors when bundled, "use client"
|  in
|  "../../packages/surfaces/ui-system/src/components/ui/date-time-picker.tsx"
|  was ignored.

[+30185ms] [stdout] |
!  Vite ../../packages/surfaces/ui-system/src/components/ui/resizable.tsx
|  (1:0): Error when using sourcemap for reporting an error: Can't
|  resolve original location of error.

[+30187ms] [stdout] |
!  Vite ../../packages/surfaces/ui-system/src/components/ui/resizable.tsx
|  (1:0): Module level directives cause errors when bundled, "use client"
|  in "../../packages/surfaces/ui-system/src/components/ui/resizable.tsx"
|  was ignored.

[+30193ms] [stdout] |
!  Vite
|  ../../packages/surfaces/ui-system/src/components/ui/date-picker.tsx
|  (1:0): Error when using sourcemap for reporting an error: Can't
|  resolve original location of error.

[+30195ms] [stdout] |
!  Vite
|  ../../packages/surfaces/ui-system/src/components/ui/date-picker.tsx
|  (1:0): Module level directives cause errors when bundled, "use client"
|  in
|  "../../packages/surfaces/ui-system/src/components/ui/date-picker.tsx"
|  was ignored.

[+30214ms] [stdout] |
!  Vite
|  ../../packages/surfaces/ui-system/src/components/ui/hover-card.tsx
|  (1:0): Error when using sourcemap for reporting an error: Can't
|  resolve original location of error.

[+30215ms] [stdout] |
!  Vite
|  ../../packages/surfaces/ui-system/src/components/ui/hover-card.tsx
|  (1:0): Module level directives cause errors when bundled, "use client"
|  in
|  "../../packages/surfaces/ui-system/src/components/ui/hover-card.tsx"
|  was ignored.

[+30228ms] [stdout] |
!  Vite ../../packages/surfaces/ui-system/src/components/ui/checkbox.tsx
|  (1:0): Error when using sourcemap for reporting an error: Can't
|  resolve original location of error.

[+30230ms] [stdout] |
!  Vite ../../packages/surfaces/ui-system/src/components/ui/checkbox.tsx
|  (1:0): Module level directives cause errors when bundled, "use client"
|  in "../../packages/surfaces/ui-system/src/components/ui/checkbox.tsx"
|  was ignored.

[+30234ms] [stdout] |
!  Vite
|  ../../packages/surfaces/ui-system/src/components/ui/column-visibility-menu.tsx
|  (1:0): Error when using sourcemap for reporting an error: Can't
|  resolve original location of error.

[+30235ms] [stdout] |
!  Vite
|  ../../packages/surfaces/ui-system/src/components/ui/column-visibility-menu.tsx
|  (1:0): Module level directives cause errors when bundled, "use client"
|  in
|  "../../packages/surfaces/ui-system/src/components/ui/column-visibility-menu.tsx"
|  was ignored.

[+30246ms] [stdout] |
!  Vite
|  ../../packages/surfaces/ui-system/src/components/ui/radio-group.tsx
|  (1:0): Error when using sourcemap for reporting an error: Can't
|  resolve original location of error.

[+30247ms] [stdout] |
!  Vite
|  ../../packages/surfaces/ui-system/src/components/ui/radio-group.tsx
|  (1:0): Module level directives cause errors when bundled, "use client"
|  in
|  "../../packages/surfaces/ui-system/src/components/ui/radio-group.tsx"
|  was ignored.

[+30252ms] [stdout] |
!  Vite ../../packages/surfaces/ui-system/src/components/ui/spinner.tsx
|  (1:0): Error when using sourcemap for reporting an error: Can't
|  resolve original location of error.

[+30253ms] [stdout] |
!  Vite ../../packages/surfaces/ui-system/src/components/ui/spinner.tsx
|  (1:0): Module level directives cause errors when bundled, "use client"
|  in "../../packages/surfaces/ui-system/src/components/ui/spinner.tsx"
|  was ignored.

[+30261ms] [stdout] |
!  Vite
|  ../../packages/surfaces/ui-system/src/components/ui/saved-view-select.tsx
|  (1:0): Error when using sourcemap for reporting an error: Can't
|  resolve original location of error.

[+30262ms] [stdout] |
!  Vite
|  ../../packages/surfaces/ui-system/src/components/ui/saved-view-select.tsx
|  (1:0): Module level directives cause errors when bundled, "use client"
|  in
|  "../../packages/surfaces/ui-system/src/components/ui/saved-view-select.tsx"
|  was ignored.

[+30268ms] [stdout] |
!  Vite ../../packages/surfaces/ui-system/src/components/ui/empty.tsx
|  (1:0): Error when using sourcemap for reporting an error: Can't
|  resolve original location of error.

[+30269ms] [stdout] |
!  Vite ../../packages/surfaces/ui-system/src/components/ui/empty.tsx
|  (1:0): Module level directives cause errors when bundled, "use client"
|  in "../../packages/surfaces/ui-system/src/components/ui/empty.tsx" was
|  ignored.

[+30272ms] [stdout] |
!  Vite ../../packages/surfaces/ui-system/src/components/ui/separator.tsx
|  (1:0): Error when using sourcemap for reporting an error: Can't
|  resolve original location of error.

[+30272ms] [stdout] |
!  Vite ../../packages/surfaces/ui-system/src/components/ui/separator.tsx
|  (1:0): Module level directives cause errors when bundled, "use client"
|  in "../../packages/surfaces/ui-system/src/components/ui/separator.tsx"
|  was ignored.

[+30275ms] [stdout] |
!  Vite
|  ../../packages/surfaces/ui-system/src/components/ui/search-field.tsx
|  (1:0): Error when using sourcemap for reporting an error: Can't
|  resolve original location of error.

[+30276ms] [stdout] |
!  Vite
|  ../../packages/surfaces/ui-system/src/components/ui/search-field.tsx
|  (1:0): Module level directives cause errors when bundled, "use client"
|  in
|  "../../packages/surfaces/ui-system/src/components/ui/search-field.tsx"
|  was ignored.

[+30282ms] [stdout] |
!  Vite ../../packages/surfaces/ui-system/src/components/ui/popover.tsx
|  (1:0): Error when using sourcemap for reporting an error: Can't
|  resolve original location of error.

[+30283ms] [stdout] |
!  Vite ../../packages/surfaces/ui-system/src/components/ui/popover.tsx
|  (1:0): Module level directives cause errors when bundled, "use client"
|  in "../../packages/surfaces/ui-system/src/components/ui/popover.tsx"
|  was ignored.

[+30285ms] [stdout] |
!  Vite ../../packages/surfaces/ui-system/src/components/ui/avatar.tsx
|  (1:0): Error when using sourcemap for reporting an error: Can't
|  resolve original location of error.

[+30286ms] [stdout] |
!  Vite ../../packages/surfaces/ui-system/src/components/ui/avatar.tsx
|  (1:0): Module level directives cause errors when bundled, "use client"
|  in "../../packages/surfaces/ui-system/src/components/ui/avatar.tsx"
|  was ignored.

[+30300ms] [stdout] |
!  Vite
|  ../../packages/surfaces/ui-system/src/components/ui/form-field.tsx
|  (1:0): Error when using sourcemap for reporting an error: Can't
|  resolve original location of error.

[+30301ms] [stdout] |
!  Vite
|  ../../packages/surfaces/ui-system/src/components/ui/form-field.tsx
|  (1:0): Module level directives cause errors when bundled, "use client"
|  in
|  "../../packages/surfaces/ui-system/src/components/ui/form-field.tsx"
|  was ignored.

[+30317ms] [stdout] |
!  Vite
|  ../../packages/surfaces/ui-system/src/components/ui/dropdown-menu.tsx
|  (1:0): Error when using sourcemap for reporting an error: Can't
|  resolve original location of error.

[+30318ms] [stdout] |
!  Vite
|  ../../packages/surfaces/ui-system/src/components/ui/dropdown-menu.tsx
|  (1:0): Module level directives cause errors when bundled, "use client"
|  in
|  "../../packages/surfaces/ui-system/src/components/ui/dropdown-menu.tsx"
|  was ignored.

[+30322ms] [stdout] |
!  Vite ../../packages/surfaces/ui-system/src/components/ui/dialog.tsx
|  (1:0): Error when using sourcemap for reporting an error: Can't
|  resolve original location of error.

[+30323ms] [stdout] |
!  Vite ../../packages/surfaces/ui-system/src/components/ui/dialog.tsx
|  (1:0): Module level directives cause errors when bundled, "use client"
|  in "../../packages/surfaces/ui-system/src/components/ui/dialog.tsx"
|  was ignored.

[+30332ms] [stdout] |
!  Vite ../../packages/surfaces/ui-system/src/components/ui/label.tsx
|  (1:0): Error when using sourcemap for reporting an error: Can't
|  resolve original location of error.

[+30333ms] [stdout] |
!  Vite ../../packages/surfaces/ui-system/src/components/ui/label.tsx
|  (1:0): Module level directives cause errors when bundled, "use client"
|  in "../../packages/surfaces/ui-system/src/components/ui/label.tsx" was
|  ignored.

[+30336ms] [stdout] |
!  Vite ../../packages/surfaces/ui-system/src/components/ui/tabs.tsx
|  (1:0): Error when using sourcemap for reporting an error: Can't
|  resolve original location of error.

[+30337ms] [stdout] |
!  Vite ../../packages/surfaces/ui-system/src/components/ui/tabs.tsx
|  (1:0): Module level directives cause errors when bundled, "use client"
|  in "../../packages/surfaces/ui-system/src/components/ui/tabs.tsx" was
|  ignored.

[+30341ms] [stdout] |
!  Vite ../../packages/surfaces/ui-system/src/components/ui/command.tsx
|  (1:0): Error when using sourcemap for reporting an error: Can't
|  resolve original location of error.

[+30342ms] [stdout] |
!  Vite ../../packages/surfaces/ui-system/src/components/ui/command.tsx
|  (1:0): Module level directives cause errors when bundled, "use client"
|  in "../../packages/surfaces/ui-system/src/components/ui/command.tsx"
|  was ignored.

[+30351ms] [stdout] |
!  Vite
|  ../../packages/surfaces/ui-system/src/components/ui/collapsible.tsx
|  (1:0): Error when using sourcemap for reporting an error: Can't
|  resolve original location of error.

[+30353ms] [stdout] |
!  Vite
|  ../../packages/surfaces/ui-system/src/components/ui/collapsible.tsx
|  (1:0): Module level directives cause errors when bundled, "use client"
|  in
|  "../../packages/surfaces/ui-system/src/components/ui/collapsible.tsx"
|  was ignored.

[+30355ms] [stdout] |
!  Vite ../../packages/surfaces/ui-system/src/components/ui/toggle.tsx
|  (1:0): Error when using sourcemap for reporting an error: Can't
|  resolve original location of error.

[+30357ms] [stdout] |
!  Vite ../../packages/surfaces/ui-system/src/components/ui/toggle.tsx
|  (1:0): Module level directives cause errors when bundled, "use client"
|  in "../../packages/surfaces/ui-system/src/components/ui/toggle.tsx"
|  was ignored.

[+30361ms] [stdout] |
!  Vite ../../packages/surfaces/ui-system/src/components/ui/field.tsx
|  (1:0): Error when using sourcemap for reporting an error: Can't
|  resolve original location of error.

[+30363ms] [stdout] |
!  Vite ../../packages/surfaces/ui-system/src/components/ui/field.tsx
|  (1:0): Module level directives cause errors when bundled, "use client"
|  in "../../packages/surfaces/ui-system/src/components/ui/field.tsx" was
|  ignored.

[+30371ms] [stdout] |
!  Vite
|  ../../packages/surfaces/ui-system/src/components/ui/data-table.tsx
|  (1:0): Error when using sourcemap for reporting an error: Can't
|  resolve original location of error.

[+30372ms] [stdout] |
!  Vite
|  ../../packages/surfaces/ui-system/src/components/ui/data-table.tsx
|  (1:0): Module level directives cause errors when bundled, "use client"
|  in
|  "../../packages/surfaces/ui-system/src/components/ui/data-table.tsx"
|  was ignored.

[+30388ms] [stdout] |
!  Vite
|  ../../packages/surfaces/ui-system/src/blocks/app-shell-block/app-shell.tsx
|  (1:0): Error when using sourcemap for reporting an error: Can't
|  resolve original location of error.

[+30389ms] [stdout] |
!  Vite
|  ../../packages/surfaces/ui-system/src/blocks/app-shell-block/app-shell.tsx
|  (1:0): Module level directives cause errors when bundled, "use client"
|  in
|  "../../packages/surfaces/ui-system/src/blocks/app-shell-block/app-shell.tsx"
|  was ignored.

[+30399ms] [stdout] |
!  Vite ../../packages/surfaces/ui-system/src/components/ui/sheet.tsx
|  (1:0): Error when using sourcemap for reporting an error: Can't
|  resolve original location of error.

[+30400ms] [stdout] |
!  Vite ../../packages/surfaces/ui-system/src/components/ui/sheet.tsx
|  (1:0): Module level directives cause errors when bundled, "use client"
|  in "../../packages/surfaces/ui-system/src/components/ui/sheet.tsx" was
|  ignored.

[+30403ms] [stdout] |
!  Vite
|  ../../packages/surfaces/ui-system/src/components/ui/status-badge.tsx
|  (1:0): Error when using sourcemap for reporting an error: Can't
|  resolve original location of error.

[+30404ms] [stdout] |
!  Vite
|  ../../packages/surfaces/ui-system/src/components/ui/status-badge.tsx
|  (1:0): Module level directives cause errors when bundled, "use client"
|  in
|  "../../packages/surfaces/ui-system/src/components/ui/status-badge.tsx"
|  was ignored.

[+30410ms] [stdout] |
!  Vite
|  ../../packages/surfaces/ui-system/src/components/ui/metric-card.tsx
|  (1:0): Error when using sourcemap for reporting an error: Can't
|  resolve original location of error.

[+30410ms] [stdout] |
!  Vite
|  ../../packages/surfaces/ui-system/src/components/ui/metric-card.tsx
|  (1:0): Module level directives cause errors when bundled, "use client"
|  in
|  "../../packages/surfaces/ui-system/src/components/ui/metric-card.tsx"
|  was ignored.

[+30416ms] [stdout] |
!  Vite
|  ../../packages/surfaces/ui-system/src/components/ui/alert-dialog.tsx
|  (1:0): Error when using sourcemap for reporting an error: Can't
|  resolve original location of error.

[+30417ms] [stdout] |
!  Vite
|  ../../packages/surfaces/ui-system/src/components/ui/alert-dialog.tsx
|  (1:0): Module level directives cause errors when bundled, "use client"
|  in
|  "../../packages/surfaces/ui-system/src/components/ui/alert-dialog.tsx"
|  was ignored.

[+30420ms] [stdout] |
!  Vite ../../packages/surfaces/ui-system/src/components/ui/table.tsx
|  (1:0): Error when using sourcemap for reporting an error: Can't
|  resolve original location of error.

[+30421ms] [stdout] |
!  Vite ../../packages/surfaces/ui-system/src/components/ui/table.tsx
|  (1:0): Module level directives cause errors when bundled, "use client"
|  in "../../packages/surfaces/ui-system/src/components/ui/table.tsx" was
|  ignored.

[+30431ms] [stdout] |
!  Vite
|  ../../packages/surfaces/ui-system/src/components/ui/context-menu.tsx
|  (1:0): Error when using sourcemap for reporting an error: Can't
|  resolve original location of error.

[+30432ms] [stdout] |
!  Vite
|  ../../packages/surfaces/ui-system/src/components/ui/context-menu.tsx
|  (1:0): Module level directives cause errors when bundled, "use client"
|  in
|  "../../packages/surfaces/ui-system/src/components/ui/context-menu.tsx"
|  was ignored.

[+30437ms] [stdout] |
!  Vite ../../packages/surfaces/ui-system/src/components/ui/calendar.tsx
|  (1:0): Error when using sourcemap for reporting an error: Can't
|  resolve original location of error.

[+30438ms] [stdout] |
!  Vite ../../packages/surfaces/ui-system/src/components/ui/calendar.tsx
|  (1:0): Module level directives cause errors when bundled, "use client"
|  in "../../packages/surfaces/ui-system/src/components/ui/calendar.tsx"
|  was ignored.

[+30444ms] [stdout] |
!  Vite ../../packages/surfaces/ui-system/src/components/ui/key-value.tsx
|  (1:0): Error when using sourcemap for reporting an error: Can't
|  resolve original location of error.

[+30444ms] [stdout] |
!  Vite ../../packages/surfaces/ui-system/src/components/ui/key-value.tsx
|  (1:0): Module level directives cause errors when bundled, "use client"
|  in "../../packages/surfaces/ui-system/src/components/ui/key-value.tsx"
|  was ignored.

[+30453ms] [stdout] |
!  Vite ../../packages/surfaces/ui-system/src/components/ui/progress.tsx
|  (1:0): Error when using sourcemap for reporting an error: Can't
|  resolve original location of error.

[+30454ms] [stdout] |
!  Vite ../../packages/surfaces/ui-system/src/components/ui/progress.tsx
|  (1:0): Module level directives cause errors when bundled, "use client"
|  in "../../packages/surfaces/ui-system/src/components/ui/progress.tsx"
|  was ignored.

[+30465ms] [stdout] |
!  Vite
|  ../../packages/surfaces/ui-system/src/components/ui/master-detail.tsx
|  (1:0): Error when using sourcemap for reporting an error: Can't
|  resolve original location of error.

[+30466ms] [stdout] |
!  Vite
|  ../../packages/surfaces/ui-system/src/components/ui/master-detail.tsx
|  (1:0): Module level directives cause errors when bundled, "use client"
|  in
|  "../../packages/surfaces/ui-system/src/components/ui/master-detail.tsx"
|  was ignored.

[+30469ms] [stdout] |
!  Vite
|  ../../packages/surfaces/ui-system/src/components/ui/form-error.tsx
|  (1:0): Error when using sourcemap for reporting an error: Can't
|  resolve original location of error.

[+30470ms] [stdout] |
!  Vite
|  ../../packages/surfaces/ui-system/src/components/ui/form-error.tsx
|  (1:0): Module level directives cause errors when bundled, "use client"
|  in
|  "../../packages/surfaces/ui-system/src/components/ui/form-error.tsx"
|  was ignored.

[+30475ms] [stdout] |
!  Vite
|  ../../packages/surfaces/ui-system/src/blocks/app-shell-block/application-shell-settings-provider.tsx
|  (1:0): Error when using sourcemap for reporting an error: Can't
|  resolve original location of error.

[+30494ms] [stdout] |
!  Vite
|  ../../packages/surfaces/ui-system/src/blocks/app-shell-block/application-shell-settings-provider.tsx
|  (1:0): Module level directives cause errors when bundled, "use client"
|  in
|  "../../packages/surfaces/ui-system/src/blocks/app-shell-block/application-shell-settings-provider.tsx"
|  was ignored.

[+30499ms] [stdout] |
!  Vite ../../packages/surfaces/ui-system/src/components/ui/tree-view.tsx
|  (1:0): Error when using sourcemap for reporting an error: Can't
|  resolve original location of error.

[+30499ms] [stdout] |
!  Vite ../../packages/surfaces/ui-system/src/components/ui/tree-view.tsx
|  (1:0): Module level directives cause errors when bundled, "use client"
|  in "../../packages/surfaces/ui-system/src/components/ui/tree-view.tsx"
|  was ignored.

[+30504ms] [stdout] |
!  Vite
|  ../../packages/surfaces/ui-system/src/components/ui/numeric-input.tsx
|  (1:0): Error when using sourcemap for reporting an error: Can't
|  resolve original location of error.

[+30505ms] [stdout] |
!  Vite
|  ../../packages/surfaces/ui-system/src/components/ui/numeric-input.tsx
|  (1:0): Module level directives cause errors when bundled, "use client"
|  in
|  "../../packages/surfaces/ui-system/src/components/ui/numeric-input.tsx"
|  was ignored.

[+30508ms] [stdout] |
!  Vite ../../packages/surfaces/ui-system/src/components/ui/tooltip.tsx
|  (1:0): Error when using sourcemap for reporting an error: Can't
|  resolve original location of error.

[+30509ms] [stdout] |
!  Vite ../../packages/surfaces/ui-system/src/components/ui/tooltip.tsx
|  (1:0): Module level directives cause errors when bundled, "use client"
|  in "../../packages/surfaces/ui-system/src/components/ui/tooltip.tsx"
|  was ignored.

[+30512ms] [stdout] |
!  Vite ../../packages/surfaces/ui-system/src/components/ui/slider.tsx
|  (1:0): Error when using sourcemap for reporting an error: Can't
|  resolve original location of error.

[+30513ms] [stdout] |
!  Vite ../../packages/surfaces/ui-system/src/components/ui/slider.tsx
|  (1:0): Module level directives cause errors when bundled, "use client"
|  in "../../packages/surfaces/ui-system/src/components/ui/slider.tsx"
|  was ignored.

[+30519ms] [stdout] |
!  Vite
|  ../../packages/surfaces/ui-system/src/components/ui/toggle-group.tsx
|  (1:0): Error when using sourcemap for reporting an error: Can't
|  resolve original location of error.

[+30520ms] [stdout] |
!  Vite
|  ../../packages/surfaces/ui-system/src/components/ui/toggle-group.tsx
|  (1:0): Module level directives cause errors when bundled, "use client"
|  in
|  "../../packages/surfaces/ui-system/src/components/ui/toggle-group.tsx"
|  was ignored.

[+30526ms] [stdout] |
!  Vite ../../packages/surfaces/ui-system/src/components/ui/switch.tsx
|  (1:0): Error when using sourcemap for reporting an error: Can't
|  resolve original location of error.

[+30527ms] [stdout] |
!  Vite ../../packages/surfaces/ui-system/src/components/ui/switch.tsx
|  (1:0): Module level directives cause errors when bundled, "use client"
|  in "../../packages/surfaces/ui-system/src/components/ui/switch.tsx"
|  was ignored.

[+30531ms] [stdout] |
!  Vite ../../packages/surfaces/ui-system/src/components/ui/sonner.tsx
|  (1:0): Error when using sourcemap for reporting an error: Can't
|  resolve original location of error.

[+30532ms] [stdout] |
!  Vite ../../packages/surfaces/ui-system/src/components/ui/sonner.tsx
|  (1:0): Module level directives cause errors when bundled, "use client"
|  in "../../packages/surfaces/ui-system/src/components/ui/sonner.tsx"
|  was ignored.

[+30539ms] [stdout] |
!  Vite ../../packages/surfaces/ui-system/src/components/ui/combobox.tsx
|  (1:0): Error when using sourcemap for reporting an error: Can't
|  resolve original location of error.

[+30540ms] [stdout] |
!  Vite ../../packages/surfaces/ui-system/src/components/ui/combobox.tsx
|  (1:0): Module level directives cause errors when bundled, "use client"
|  in "../../packages/surfaces/ui-system/src/components/ui/combobox.tsx"
|  was ignored.

[+30549ms] [stdout] |
!  Vite ../../packages/surfaces/ui-system/src/components/ui/sidebar.tsx
|  (1:0): Error when using sourcemap for reporting an error: Can't
|  resolve original location of error.

[+30550ms] [stdout] |
!  Vite ../../packages/surfaces/ui-system/src/components/ui/sidebar.tsx
|  (1:0): Module level directives cause errors when bundled, "use client"
|  in "../../packages/surfaces/ui-system/src/components/ui/sidebar.tsx"
|  was ignored.

[+30581ms] [stdout] |
!  Vite ../../packages/surfaces/ui-system/src/components/ui/drawer.tsx
|  (1:0): Error when using sourcemap for reporting an error: Can't
|  resolve original location of error.

[+30583ms] [stdout] |
!  Vite ../../packages/surfaces/ui-system/src/components/ui/drawer.tsx
|  (1:0): Module level directives cause errors when bundled, "use client"
|  in "../../packages/surfaces/ui-system/src/components/ui/drawer.tsx"
|  was ignored.

[+30596ms] [stdout] |
!  Vite ../../packages/surfaces/ui-system/src/components/ui/select.tsx
|  (1:0): Error when using sourcemap for reporting an error: Can't
|  resolve original location of error.

[+30598ms] [stdout] |
!  Vite ../../packages/surfaces/ui-system/src/components/ui/select.tsx
|  (1:0): Module level directives cause errors when bundled, "use client"
|  in "../../packages/surfaces/ui-system/src/components/ui/select.tsx"
|  was ignored.

[+30604ms] [stdout] |
!  Vite ../../packages/surfaces/ui-system/src/components/ui/chart.tsx
|  (1:0): Error when using sourcemap for reporting an error: Can't
|  resolve original location of error.

[+30605ms] [stdout] |
!  Vite ../../packages/surfaces/ui-system/src/components/ui/chart.tsx
|  (1:0): Module level directives cause errors when bundled, "use client"
|  in "../../packages/surfaces/ui-system/src/components/ui/chart.tsx" was
|  ignored.

[+30615ms] [stdout] |
!  Vite
|  ../../packages/surfaces/ui-system/src/components/ui/file-upload.tsx
|  (1:0): Error when using sourcemap for reporting an error: Can't
|  resolve original location of error.

[+30616ms] [stdout] |
!  Vite
|  ../../packages/surfaces/ui-system/src/components/ui/file-upload.tsx
|  (1:0): Module level directives cause errors when bundled, "use client"
|  in
|  "../../packages/surfaces/ui-system/src/components/ui/file-upload.tsx"
|  was ignored.

[+31441ms] [stdout] |
!  Vite
|  ../../node_modules/.pnpm/cmdk@1.1.1_@types+react-dom_9eaead699190371bf94fd59ed9128cf0/node_modules/cmdk/dist/index.mjs
|  (1:0): Module level directives cause errors when bundled, "use client"
|  in
|  "../../node_modules/.pnpm/cmdk@1.1.1_@types+react-dom_9eaead699190371bf94fd59ed9128cf0/node_modules/cmdk/dist/index.mjs"
|  was ignored.

[+31460ms] [stdout] |
!  Vite
|  ../../node_modules/.pnpm/react-resizable-panels@4.12_a6d560a5d7c4b1ab554d60763200974d/node_modules/react-resizable-panels/dist/react-resizable-panels.js
|  (1:0): Module level directives cause errors when bundled, "use client"
|  in
|  "../../node_modules/.pnpm/react-resizable-panels@4.12_a6d560a5d7c4b1ab554d60763200974d/node_modules/react-resizable-panels/dist/react-resizable-panels.js"
|  was ignored.

[+31489ms] [stdout] |
!  Vite
|  ../../node_modules/.pnpm/next-themes@0.4.6_patch_has_828a22734ff9a487f84049d75445ef62/node_modules/next-themes/dist/index.mjs
|  (1:0): Module level directives cause errors when bundled, "use client"
|  in
|  "../../node_modules/.pnpm/next-themes@0.4.6_patch_has_828a22734ff9a487f84049d75445ef62/node_modules/next-themes/dist/index.mjs"
|  was ignored.

[+31493ms] [stdout] |
!  Vite
|  ../../node_modules/.pnpm/vaul@1.1.2_@types+react-dom_056e3a85599cf4d1888db17857d9fce5/node_modules/vaul/dist/index.mjs
|  (1:0): Module level directives cause errors when bundled, "use client"
|  in
|  "../../node_modules/.pnpm/vaul@1.1.2_@types+react-dom_056e3a85599cf4d1888db17857d9fce5/node_modules/vaul/dist/index.mjs"
|  was ignored.

[+31609ms] [stdout] |
!  Vite
|  ../../packages/surfaces/ui-system/src/blocks/app-shell-block/header.tsx
|  (1:0): Error when using sourcemap for reporting an error: Can't
|  resolve original location of error.

[+31609ms] [stdout] |
!  Vite
|  ../../packages/surfaces/ui-system/src/blocks/app-shell-block/header.tsx
|  (1:0): Module level directives cause errors when bundled, "use client"
|  in
|  "../../packages/surfaces/ui-system/src/blocks/app-shell-block/header.tsx"
|  was ignored.

[+32008ms] [stdout] |
!  Vite
|  ../../node_modules/.pnpm/@radix-ui+react-alert-dialo_040b6ec2998859576a1dab9c2a01ef9e/node_modules/@radix-ui/react-alert-dialog/dist/index.mjs
|  (1:0): Module level directives cause errors when bundled, "use client"
|  in
|  "../../node_modules/.pnpm/@radix-ui+react-alert-dialo_040b6ec2998859576a1dab9c2a01ef9e/node_modules/@radix-ui/react-alert-dialog/dist/index.mjs"
|  was ignored.

[+32020ms] [stdout] |
!  Vite
|  ../../node_modules/.pnpm/@radix-ui+react-accordion@1_63a84e8e6c141ac03dc50c5e47704a49/node_modules/@radix-ui/react-accordion/dist/index.mjs
|  (1:0): Module level directives cause errors when bundled, "use client"
|  in
|  "../../node_modules/.pnpm/@radix-ui+react-accordion@1_63a84e8e6c141ac03dc50c5e47704a49/node_modules/@radix-ui/react-accordion/dist/index.mjs"
|  was ignored.

[+32042ms] [stdout] |
!  Vite
|  ../../node_modules/.pnpm/@radix-ui+react-collapsible_ed36e929b08134476ca4cdab23d0ad9c/node_modules/@radix-ui/react-collapsible/dist/index.mjs
|  (1:0): Module level directives cause errors when bundled, "use client"
|  in
|  "../../node_modules/.pnpm/@radix-ui+react-collapsible_ed36e929b08134476ca4cdab23d0ad9c/node_modules/@radix-ui/react-collapsible/dist/index.mjs"
|  was ignored.

[+32059ms] [stdout] |
!  Vite
|  ../../node_modules/.pnpm/@radix-ui+react-context-men_628829ed0c54f9e38902122371113b37/node_modules/@radix-ui/react-context-menu/dist/index.mjs
|  (1:0): Module level directives cause errors when bundled, "use client"
|  in
|  "../../node_modules/.pnpm/@radix-ui+react-context-men_628829ed0c54f9e38902122371113b37/node_modules/@radix-ui/react-context-menu/dist/index.mjs"
|  was ignored.

[+32073ms] [stdout] |
!  Vite
|  ../../node_modules/.pnpm/@radix-ui+react-dropdown-me_ed9ed71de031475f25342c2aa91da56e/node_modules/@radix-ui/react-dropdown-menu/dist/index.mjs
|  (1:0): Module level directives cause errors when bundled, "use client"
|  in
|  "../../node_modules/.pnpm/@radix-ui+react-dropdown-me_ed9ed71de031475f25342c2aa91da56e/node_modules/@radix-ui/react-dropdown-menu/dist/index.mjs"
|  was ignored.

[+32090ms] [stdout] |
!  Vite
|  ../../node_modules/.pnpm/@radix-ui+react-avatar@1.2._84d298e9a1e91476e51865342652def6/node_modules/@radix-ui/react-avatar/dist/index.mjs
|  (1:0): Module level directives cause errors when bundled, "use client"
|  in
|  "../../node_modules/.pnpm/@radix-ui+react-avatar@1.2._84d298e9a1e91476e51865342652def6/node_modules/@radix-ui/react-avatar/dist/index.mjs"
|  was ignored.

[+32101ms] [stdout] |
!  Vite
|  ../../node_modules/.pnpm/@radix-ui+react-direction@1_9bec579de163649479adfd5a7c87a4f6/node_modules/@radix-ui/react-direction/dist/index.mjs
|  (1:0): Module level directives cause errors when bundled, "use client"
|  in
|  "../../node_modules/.pnpm/@radix-ui+react-direction@1_9bec579de163649479adfd5a7c87a4f6/node_modules/@radix-ui/react-direction/dist/index.mjs"
|  was ignored.

[+32105ms] [stdout] |
!  Vite
|  ../../node_modules/.pnpm/@radix-ui+react-hover-card@_f6adedbbacb4bda9251658b3b35869f5/node_modules/@radix-ui/react-hover-card/dist/index.mjs
|  (1:0): Module level directives cause errors when bundled, "use client"
|  in
|  "../../node_modules/.pnpm/@radix-ui+react-hover-card@_f6adedbbacb4bda9251658b3b35869f5/node_modules/@radix-ui/react-hover-card/dist/index.mjs"
|  was ignored.

[+32122ms] [stdout] |
!  Vite
|  ../../node_modules/.pnpm/@radix-ui+react-dialog@1.1._6318da823d85b27494da65a54faa03fe/node_modules/@radix-ui/react-dialog/dist/index.mjs
|  (1:0): Module level directives cause errors when bundled, "use client"
|  in
|  "../../node_modules/.pnpm/@radix-ui+react-dialog@1.1._6318da823d85b27494da65a54faa03fe/node_modules/@radix-ui/react-dialog/dist/index.mjs"
|  was ignored.

[+32159ms] [stdout] |
!  Vite
|  ../../node_modules/.pnpm/@radix-ui+react-checkbox@1._c6280b518a2f7caca6946630bc88b3b2/node_modules/@radix-ui/react-checkbox/dist/index.mjs
|  (1:0): Module level directives cause errors when bundled, "use client"
|  in
|  "../../node_modules/.pnpm/@radix-ui+react-checkbox@1._c6280b518a2f7caca6946630bc88b3b2/node_modules/@radix-ui/react-checkbox/dist/index.mjs"
|  was ignored.

[+32178ms] [stdout] |
!  Vite
|  ../../node_modules/.pnpm/@radix-ui+react-label@2.1.1_64f2dfc390bf501579a89c266d162e66/node_modules/@radix-ui/react-label/dist/index.mjs
|  (1:0): Module level directives cause errors when bundled, "use client"
|  in
|  "../../node_modules/.pnpm/@radix-ui+react-label@2.1.1_64f2dfc390bf501579a89c266d162e66/node_modules/@radix-ui/react-label/dist/index.mjs"
|  was ignored.

[+32186ms] [stdout] |
!  Vite
|  ../../node_modules/.pnpm/@radix-ui+react-form@0.1.12_1a3311de097095e0dda83937bea62c41/node_modules/@radix-ui/react-form/dist/index.mjs
|  (1:0): Module level directives cause errors when bundled, "use client"
|  in
|  "../../node_modules/.pnpm/@radix-ui+react-form@0.1.12_1a3311de097095e0dda83937bea62c41/node_modules/@radix-ui/react-form/dist/index.mjs"
|  was ignored.

[+32210ms] [stdout] |
!  Vite
|  ../../node_modules/.pnpm/@radix-ui+react-menubar@1.1_4f29e50484a497abde63f40802c1eeaf/node_modules/@radix-ui/react-menubar/dist/index.mjs
|  (1:0): Module level directives cause errors when bundled, "use client"
|  in
|  "../../node_modules/.pnpm/@radix-ui+react-menubar@1.1_4f29e50484a497abde63f40802c1eeaf/node_modules/@radix-ui/react-menubar/dist/index.mjs"
|  was ignored.

[+32234ms] [stdout] |
!  Vite
|  ../../node_modules/.pnpm/@radix-ui+react-portal@1.1._a3ea7c2ef551ff48b1233782953678e5/node_modules/@radix-ui/react-portal/dist/index.mjs
|  (1:0): Module level directives cause errors when bundled, "use client"
|  in
|  "../../node_modules/.pnpm/@radix-ui+react-portal@1.1._a3ea7c2ef551ff48b1233782953678e5/node_modules/@radix-ui/react-portal/dist/index.mjs"
|  was ignored.

[+32242ms] [stdout] |
!  Vite
|  ../../node_modules/.pnpm/@radix-ui+react-password-to_9c77bd27a11b8c22422ade7073d0a8fb/node_modules/@radix-ui/react-password-toggle-field/dist/index.mjs
|  (1:0): Module level directives cause errors when bundled, "use client"
|  in
|  "../../node_modules/.pnpm/@radix-ui+react-password-to_9c77bd27a11b8c22422ade7073d0a8fb/node_modules/@radix-ui/react-password-toggle-field/dist/index.mjs"
|  was ignored.

[+32258ms] [stdout] |
!  Vite
|  ../../node_modules/.pnpm/@radix-ui+react-progress@1._d73225401a868f8393f1aad228e14772/node_modules/@radix-ui/react-progress/dist/index.mjs
|  (1:0): Module level directives cause errors when bundled, "use client"
|  in
|  "../../node_modules/.pnpm/@radix-ui+react-progress@1._d73225401a868f8393f1aad228e14772/node_modules/@radix-ui/react-progress/dist/index.mjs"
|  was ignored.

[+32268ms] [stdout] |
!  Vite
|  ../../node_modules/.pnpm/@radix-ui+react-one-time-pa_a2bafa1f323b93c4bfab2c83a8bac705/node_modules/@radix-ui/react-one-time-password-field/dist/index.mjs
|  (1:0): Module level directives cause errors when bundled, "use client"
|  in
|  "../../node_modules/.pnpm/@radix-ui+react-one-time-pa_a2bafa1f323b93c4bfab2c83a8bac705/node_modules/@radix-ui/react-one-time-password-field/dist/index.mjs"
|  was ignored.

[+32287ms] [stdout] |
!  Vite
|  ../../node_modules/.pnpm/@radix-ui+react-navigation-_30d0ac2382ce99b9324797fa814564ff/node_modules/@radix-ui/react-navigation-menu/dist/index.mjs
|  (1:0): Module level directives cause errors when bundled, "use client"
|  in
|  "../../node_modules/.pnpm/@radix-ui+react-navigation-_30d0ac2382ce99b9324797fa814564ff/node_modules/@radix-ui/react-navigation-menu/dist/index.mjs"
|  was ignored.

[+32318ms] [stdout] |
!  Vite
|  ../../node_modules/.pnpm/@radix-ui+react-popover@1.1_6a64221b7d41ea507a346b5f61e63c9c/node_modules/@radix-ui/react-popover/dist/index.mjs
|  (1:0): Module level directives cause errors when bundled, "use client"
|  in
|  "../../node_modules/.pnpm/@radix-ui+react-popover@1.1_6a64221b7d41ea507a346b5f61e63c9c/node_modules/@radix-ui/react-popover/dist/index.mjs"
|  was ignored.

[+32343ms] [stdout] |
!  Vite
|  ../../node_modules/.pnpm/@radix-ui+react-radio-group_4a43637ac6516126aef2e8c037ca47dd/node_modules/@radix-ui/react-radio-group/dist/index.mjs
|  (1:0): Module level directives cause errors when bundled, "use client"
|  in
|  "../../node_modules/.pnpm/@radix-ui+react-radio-group_4a43637ac6516126aef2e8c037ca47dd/node_modules/@radix-ui/react-radio-group/dist/index.mjs"
|  was ignored.

[+32361ms] [stdout] |
!  Vite
|  ../../node_modules/.pnpm/@radix-ui+react-tabs@1.1.17_264a472487ea4f14b4273ca901ef60c8/node_modules/@radix-ui/react-tabs/dist/index.mjs
|  (1:0): Module level directives cause errors when bundled, "use client"
|  in
|  "../../node_modules/.pnpm/@radix-ui+react-tabs@1.1.17_264a472487ea4f14b4273ca901ef60c8/node_modules/@radix-ui/react-tabs/dist/index.mjs"
|  was ignored.

[+32384ms] [stdout] |
!  Vite
|  ../../node_modules/.pnpm/@radix-ui+react-switch@1.3._b3c78339d4e071bb28b78730f4a750b0/node_modules/@radix-ui/react-switch/dist/index.mjs
|  (1:0): Module level directives cause errors when bundled, "use client"
|  in
|  "../../node_modules/.pnpm/@radix-ui+react-switch@1.3._b3c78339d4e071bb28b78730f4a750b0/node_modules/@radix-ui/react-switch/dist/index.mjs"
|  was ignored.

[+32397ms] [stdout] |
!  Vite
|  ../../node_modules/.pnpm/@radix-ui+react-select@2.3._361ee469b67bee0f9002372e2303d08a/node_modules/@radix-ui/react-select/dist/index.mjs
|  (1:0): Module level directives cause errors when bundled, "use client"
|  in
|  "../../node_modules/.pnpm/@radix-ui+react-select@2.3._361ee469b67bee0f9002372e2303d08a/node_modules/@radix-ui/react-select/dist/index.mjs"
|  was ignored.

[+32434ms] [stdout] |
!  Vite
|  ../../node_modules/.pnpm/@radix-ui+react-toggle@1.1._1b687eee6da7a089aaf8917b965bc605/node_modules/@radix-ui/react-toggle/dist/index.mjs
|  (1:0): Module level directives cause errors when bundled, "use client"
|  in
|  "../../node_modules/.pnpm/@radix-ui+react-toggle@1.1._1b687eee6da7a089aaf8917b965bc605/node_modules/@radix-ui/react-toggle/dist/index.mjs"
|  was ignored.

[+32442ms] [stdout] |
!  Vite
|  ../../node_modules/.pnpm/@radix-ui+react-scroll-area_95b6bd8662bb33ef7241977b45a5625b/node_modules/@radix-ui/react-scroll-area/dist/index.mjs
|  (1:0): Module level directives cause errors when bundled, "use client"
|  in
|  "../../node_modules/.pnpm/@radix-ui+react-scroll-area_95b6bd8662bb33ef7241977b45a5625b/node_modules/@radix-ui/react-scroll-area/dist/index.mjs"
|  was ignored.

[+32467ms] [stdout] |
!  Vite
|  ../../node_modules/.pnpm/@radix-ui+react-toggle-grou_b5ec612da2d6f2d281264e2fe5c098b9/node_modules/@radix-ui/react-toggle-group/dist/index.mjs
|  (1:0): Module level directives cause errors when bundled, "use client"
|  in
|  "../../node_modules/.pnpm/@radix-ui+react-toggle-grou_b5ec612da2d6f2d281264e2fe5c098b9/node_modules/@radix-ui/react-toggle-group/dist/index.mjs"
|  was ignored.

[+32479ms] [stdout] |
!  Vite
|  ../../node_modules/.pnpm/@radix-ui+react-toolbar@1.1_2f38211b4709a72d70fdf2c19a1bcd58/node_modules/@radix-ui/react-toolbar/dist/index.mjs
|  (1:0): Module level directives cause errors when bundled, "use client"
|  in
|  "../../node_modules/.pnpm/@radix-ui+react-toolbar@1.1_2f38211b4709a72d70fdf2c19a1bcd58/node_modules/@radix-ui/react-toolbar/dist/index.mjs"
|  was ignored.

[+32495ms] [stdout] |
!  Vite
|  ../../node_modules/.pnpm/@radix-ui+react-slider@1.4._ae363819cbcaeb91669a863d23d3d971/node_modules/@radix-ui/react-slider/dist/index.mjs
|  (1:0): Module level directives cause errors when bundled, "use client"
|  in
|  "../../node_modules/.pnpm/@radix-ui+react-slider@1.4._ae363819cbcaeb91669a863d23d3d971/node_modules/@radix-ui/react-slider/dist/index.mjs"
|  was ignored.

[+32521ms] [stdout] |
!  Vite
|  ../../node_modules/.pnpm/@radix-ui+react-tooltip@1.2_6764f74d9c79d500ff7296df3c1e7f17/node_modules/@radix-ui/react-tooltip/dist/index.mjs
|  (1:0): Module level directives cause errors when bundled, "use client"
|  in
|  "../../node_modules/.pnpm/@radix-ui+react-tooltip@1.2_6764f74d9c79d500ff7296df3c1e7f17/node_modules/@radix-ui/react-tooltip/dist/index.mjs"
|  was ignored.

[+32546ms] [stdout] |
!  Vite
|  ../../node_modules/.pnpm/@radix-ui+react-toast@1.2.1_0a3fecfb747ad9892fb97be0c1eca469/node_modules/@radix-ui/react-toast/dist/index.mjs
|  (1:0): Module level directives cause errors when bundled, "use client"
|  in
|  "../../node_modules/.pnpm/@radix-ui+react-toast@1.2.1_0a3fecfb747ad9892fb97be0c1eca469/node_modules/@radix-ui/react-toast/dist/index.mjs"
|  was ignored.

[+33136ms] [stdout] |
!  Vite
|  ../../packages/surfaces/ui-system/src/blocks/app-shell-block/header-compact-utility.tsx
|  (1:0): Error when using sourcemap for reporting an error: Can't
|  resolve original location of error.

[+33137ms] [stdout] |
!  Vite
|  ../../packages/surfaces/ui-system/src/blocks/app-shell-block/header-compact-utility.tsx
|  (1:0): Module level directives cause errors when bundled, "use client"
|  in
|  "../../packages/surfaces/ui-system/src/blocks/app-shell-block/header-compact-utility.tsx"
|  was ignored.

[+33142ms] [stdout] |
!  Vite
|  ../../packages/surfaces/ui-system/src/blocks/app-shell-block/header-utility-overflow.tsx
|  (1:0): Error when using sourcemap for reporting an error: Can't
|  resolve original location of error.

[+33143ms] [stdout] |
!  Vite
|  ../../packages/surfaces/ui-system/src/blocks/app-shell-block/header-utility-overflow.tsx
|  (1:0): Module level directives cause errors when bundled, "use client"
|  in
|  "../../packages/surfaces/ui-system/src/blocks/app-shell-block/header-utility-overflow.tsx"
|  was ignored.

[+33167ms] [stdout] |
!  Vite
|  ../../node_modules/.pnpm/@radix-ui+react-presence@1._fdab0397b637854db22bd05c025055cf/node_modules/@radix-ui/react-presence/dist/index.mjs
|  (1:0): Module level directives cause errors when bundled, "use client"
|  in
|  "../../node_modules/.pnpm/@radix-ui+react-presence@1._fdab0397b637854db22bd05c025055cf/node_modules/@radix-ui/react-presence/dist/index.mjs"
|  was ignored.

[+33172ms] [stdout] |
!  Vite
|  ../../node_modules/.pnpm/@radix-ui+react-collection@_eed58c4d1ee1b2877541b8ef26bb352e/node_modules/@radix-ui/react-collection/dist/index.mjs
|  (1:0): Module level directives cause errors when bundled, "use client"
|  in
|  "../../node_modules/.pnpm/@radix-ui+react-collection@_eed58c4d1ee1b2877541b8ef26bb352e/node_modules/@radix-ui/react-collection/dist/index.mjs"
|  was ignored.

[+33182ms] [stdout] |
!  Vite
|  ../../node_modules/.pnpm/@radix-ui+react-dismissable_5699add134ab98e861a2eb197cb2f8c5/node_modules/@radix-ui/react-dismissable-layer/dist/index.mjs
|  (1:0): Module level directives cause errors when bundled, "use client"
|  in
|  "../../node_modules/.pnpm/@radix-ui+react-dismissable_5699add134ab98e861a2eb197cb2f8c5/node_modules/@radix-ui/react-dismissable-layer/dist/index.mjs"
|  was ignored.

[+33193ms] [stdout] |
!  Vite
|  ../../node_modules/.pnpm/@radix-ui+react-focus-guard_d12cf437e756179180edd58325ed5c49/node_modules/@radix-ui/react-focus-guards/dist/index.mjs
|  (1:0): Module level directives cause errors when bundled, "use client"
|  in
|  "../../node_modules/.pnpm/@radix-ui+react-focus-guard_d12cf437e756179180edd58325ed5c49/node_modules/@radix-ui/react-focus-guards/dist/index.mjs"
|  was ignored.

[+33196ms] [stdout] |
!  Vite
|  ../../node_modules/.pnpm/@radix-ui+react-popper@1.3._50563280250a3917a2ecad797578a6ad/node_modules/@radix-ui/react-popper/dist/index.mjs
|  (1:0): Module level directives cause errors when bundled, "use client"
|  in
|  "../../node_modules/.pnpm/@radix-ui+react-popper@1.3._50563280250a3917a2ecad797578a6ad/node_modules/@radix-ui/react-popper/dist/index.mjs"
|  was ignored.

[+33212ms] [stdout] |
!  Vite
|  ../../node_modules/.pnpm/@radix-ui+react-focus-scope_bafa143ee9f6b9ccc6a91a93a557c727/node_modules/@radix-ui/react-focus-scope/dist/index.mjs
|  (1:0): Module level directives cause errors when bundled, "use client"
|  in
|  "../../node_modules/.pnpm/@radix-ui+react-focus-scope_bafa143ee9f6b9ccc6a91a93a557c727/node_modules/@radix-ui/react-focus-scope/dist/index.mjs"
|  was ignored.

[+33233ms] [stdout] |
!  Vite
|  ../../node_modules/.pnpm/@radix-ui+react-roving-focu_11f60709d33d34a6a5bc3523b495a8b2/node_modules/@radix-ui/react-roving-focus/dist/index.mjs
|  (1:0): Module level directives cause errors when bundled, "use client"
|  in
|  "../../node_modules/.pnpm/@radix-ui+react-roving-focu_11f60709d33d34a6a5bc3523b495a8b2/node_modules/@radix-ui/react-roving-focus/dist/index.mjs"
|  was ignored.

[+33255ms] [stdout] |
!  Vite
|  ../../node_modules/.pnpm/@radix-ui+react-menu@2.1.20_8e2a54f5a4233c56019b4800378672de/node_modules/@radix-ui/react-menu/dist/index.mjs
|  (1:0): Module level directives cause errors when bundled, "use client"
|  in
|  "../../node_modules/.pnpm/@radix-ui+react-menu@2.1.20_8e2a54f5a4233c56019b4800378672de/node_modules/@radix-ui/react-menu/dist/index.mjs"
|  was ignored.

[+33696ms] [stdout] |
!  Vite
|  ../../packages/surfaces/ui-system/src/blocks/app-shell-block/theme-customiser.tsx
|  (1:0): Error when using sourcemap for reporting an error: Can't
|  resolve original location of error.

[+33697ms] [stdout] |
!  Vite
|  ../../packages/surfaces/ui-system/src/blocks/app-shell-block/theme-customiser.tsx
|  (1:0): Module level directives cause errors when bundled, "use client"
|  in
|  "../../packages/surfaces/ui-system/src/blocks/app-shell-block/theme-customiser.tsx"
|  was ignored.

[+44324ms] [stdout] |  Vite ✓ 3739 modules transformed.

[+45858ms] [stdout] |  Vite rendering chunks...

[+47596ms] [stdout] |  Vite computing gzip size...

[+47983ms] [stdout] |  Vite
|  storybook-static/assets/geist-mono-symbols2-wght-normal-CO5SzqOn.woff2
|  5.81 kB

[+47996ms] [stdout] |  Vite
|  storybook-static/assets/geist-mono-cyrillic-ext-wght-normal-X_5orZeX.woff2
|  6.18 kB

[+48013ms] [stdout] |  Vite
|  storybook-static/assets/geist-cyrillic-ext-wght-normal-DjL33-gN.woff2
|  7.42 kB

[+48036ms] [stdout] |  Vite
|  storybook-static/assets/geist-mono-vietnamese-wght-normal-DadHysG0.woff2
|  7.70 kB

[+48056ms] [stdout] |  Vite
|  storybook-static/assets/geist-vietnamese-wght-normal-6IgcOCM7.woff2
|  8.00 kB

[+48074ms] [stdout] |  Vite
|  storybook-static/assets/geist-mono-cyrillic-wght-normal-DiZS0aHC.woff2
|  12.94 kB

[+48091ms] [stdout] |  Vite
|  storybook-static/assets/geist-mono-latin-ext-wght-normal-Bwz-egvJ.woff2
|  14.70 kB

[+48114ms] [stdout] |  Vite storybook-static/assets/geist-cyrillic-wght-normal-BEAKL7Jp.woff2
|  15.08 kB

[+48133ms] [stdout] |  Vite
|  storybook-static/assets/geist-latin-ext-wght-normal-DC-KSUi6.woff2
|  16.51 kB

[+48188ms] [stdout] |  Vite storybook-static/iframe.html
|  18.85 kB │ gzip:   5.27 kB

[+48205ms] [stdout] |  Vite
|  storybook-static/assets/geist-mono-latin-wght-normal-XN7g48iV.woff2
|  23.13 kB

[+48228ms] [stdout] |  Vite storybook-static/assets/geist-latin-wght-normal-BgDaEnEv.woff2
|  29.40 kB

[+48269ms] [stdout] |  Vite storybook-static/assets/iframe-WoJmejTL.css
|  115.33 kB │ gzip:  19.75 kB

[+48317ms] [stdout] |  Vite storybook-static/assets/index-BdQq_4o_.js
|  0.06 kB │ gzip:   0.08 kB

[+48366ms] [stdout] |  Vite storybook-static/assets/index-UI731JuP.js
|  0.13 kB │ gzip:   0.13 kB

[+48521ms] [stdout] |  Vite storybook-static/assets/index-CIleL52Q.js
|  0.13 kB │ gzip:   0.12 kB

[+48524ms] [stdout] |  Vite storybook-static/assets/index-hW6nt1xS.js
|  0.14 kB │ gzip:   0.14 kB

[+48527ms] [stdout] |  Vite storybook-static/assets/index-B-m5GLw5.js
|  0.16 kB │ gzip:   0.15 kB

[+48531ms] [stdout] |  Vite storybook-static/assets/index-CmiFkrpv.js
|  0.21 kB │ gzip:   0.18 kB

[+48534ms] [stdout] |  Vite storybook-static/assets/index-BHTdNgVI.js
|  0.23 kB │ gzip:   0.17 kB

[+48537ms] [stdout] |  Vite storybook-static/assets/index-BAhbkQd0.js
|  0.25 kB │ gzip:   0.22 kB

[+48541ms] [stdout] |  Vite storybook-static/assets/formatter-L2YTDE3Q-CjdzIul1.js
|  0.27 kB │ gzip:   0.22 kB

[+48546ms] [stdout] |  Vite storybook-static/assets/skeleton-CFVq3MFZ.js
|  0.30 kB │ gzip:   0.24 kB

[+48549ms] [stdout] |  Vite storybook-static/assets/check-B_rpPgk8.js
|  0.30 kB │ gzip:   0.25 kB

[+48553ms] [stdout] |  Vite storybook-static/assets/circle-Bzf36R-a.js
|  0.31 kB │ gzip:   0.25 kB

[+48555ms] [stdout] |  Vite storybook-static/assets/chevron-down-BmyI9-fR.js
|  0.31 kB │ gzip:   0.25 kB

[+48560ms] [stdout] |  Vite storybook-static/assets/chevron-up-CiQWoeiD.js
|  0.31 kB │ gzip:   0.26 kB

[+48562ms] [stdout] |  Vite storybook-static/assets/chevron-right-CkTU5kSg.js
|  0.31 kB │ gzip:   0.25 kB

[+48566ms] [stdout] |  Vite storybook-static/assets/x-DSHa4mT1.js
|  0.34 kB │ gzip:   0.26 kB

[+48570ms] [stdout] |  Vite storybook-static/assets/search-CDEWguTT.js
|  0.35 kB │ gzip:   0.28 kB

[+48573ms] [stdout] |  Vite storybook-static/assets/circle-check-big-BUJO_mjT.js
|  0.37 kB │ gzip:   0.29 kB

[+48577ms] [stdout] |  Vite storybook-static/assets/info-B-TrGy7I.js
|  0.38 kB │ gzip:   0.29 kB

[+48580ms] [stdout] |  Vite storybook-static/assets/index-CA_Pxr5R.js
|  0.40 kB │ gzip:   0.31 kB

[+48583ms] [stdout] |  Vite storybook-static/assets/ellipsis-Dtqi655I.js
|  0.40 kB │ gzip:   0.27 kB

[+48586ms] [stdout] |  Vite storybook-static/assets/circle-alert-NMx7ySHQ.js
|  0.43 kB │ gzip:   0.30 kB

[+48589ms] [stdout] |  Vite storybook-static/assets/triangle-alert-sBiZPk6b.js
|  0.45 kB │ gzip:   0.32 kB

[+48593ms] [stdout] |  Vite storybook-static/assets/inbox-CW_YFCXA.js
|  0.47 kB │ gzip:   0.34 kB

[+48597ms] [stdout] |  Vite storybook-static/assets/bell-DkfIGjNH.js
|  0.47 kB │ gzip:   0.35 kB

[+48602ms] [stdout] |  Vite storybook-static/assets/code-DCAlEmgD.js
|  0.51 kB │ gzip:   0.35 kB

[+48605ms] [stdout] |  Vite storybook-static/assets/shield-alert-jb564KBp.js
|  0.54 kB │ gzip:   0.37 kB

[+48608ms] [stdout] |  Vite storybook-static/assets/index-SucCqaWY.js
|  0.55 kB │ gzip:   0.35 kB

[+48611ms] [stdout] |  Vite storybook-static/assets/index-9s3Zm3sN.js
|  0.57 kB │ gzip:   0.40 kB

[+48614ms] [stdout] |  Vite storybook-static/assets/file-text-BJ2wI68k.js
|  0.57 kB │ gzip:   0.36 kB

[+48617ms] [stdout] |  Vite storybook-static/assets/collapsible-C7e-ounk.js
|  0.59 kB │ gzip:   0.28 kB

[+48620ms] [stdout] |  Vite storybook-static/assets/settings-CkzgE0OO.js
|  0.67 kB │ gzip:   0.36 kB

[+48623ms] [stdout] |  Vite storybook-static/assets/textarea-BKFhD7vS.js
|  0.75 kB │ gzip:   0.45 kB

[+48627ms] [stdout] |  Vite storybook-static/assets/label-BF5TuV_N.js
|  0.77 kB │ gzip:   0.49 kB

[+48629ms] [stdout] |  Vite storybook-static/assets/input-KUQI0ocN.js
|  0.99 kB │ gzip:   0.53 kB

[+48633ms] [stdout] |  Vite storybook-static/assets/separator-CQeMFdVx.js
|  1.02 kB │ gzip:   0.52 kB

[+48636ms] [stdout] |  Vite storybook-static/assets/index-x-HnVsBu.js
|  1.05 kB │ gzip:   0.59 kB

[+48639ms] [stdout] |  Vite storybook-static/assets/search-field-NbQXpPvW.js
|  1.08 kB │ gzip:   0.63 kB

[+48641ms] [stdout] |  Vite storybook-static/assets/bulk-action-bar-DoGbGoqG.js
|  1.10 kB │ gzip:   0.59 kB

[+48644ms] [stdout] |  Vite storybook-static/assets/spinner-BLBzGqME.js
|  1.11 kB │ gzip:   0.61 kB

[+48647ms] [stdout] |  Vite storybook-static/assets/index-BZ3RO5dv.js
|  1.16 kB │ gzip:   0.59 kB

[+48650ms] [stdout] |  Vite storybook-static/assets/index-sSS2oniL.js
|  1.24 kB │ gzip:   0.62 kB

[+48653ms] [stdout] |  Vite storybook-static/assets/preload-helper-Dp1pzeXC.js
|  1.27 kB │ gzip:   0.73 kB

[+48655ms] [stdout] |  Vite storybook-static/assets/DocsRenderer-JROSPFPF-D3J4kFG9.js
|  1.27 kB │ gzip:   0.70 kB

[+48658ms] [stdout] |  Vite storybook-static/assets/alert-B-1ZO_Sw.js
|  1.30 kB │ gzip:   0.58 kB

[+48661ms] [stdout] |  Vite storybook-static/assets/empty-SgJ9LOEk.js
|  1.39 kB │ gzip:   0.63 kB

[+48676ms] [stdout] |  Vite storybook-static/assets/toggle-CO61jgp7.js
|  1.69 kB │ gzip:   0.87 kB

[+48680ms] [stdout] |  Vite storybook-static/assets/native-select-CEZvB5zS.js
|  2.04 kB │ gzip:   0.87 kB

[+48686ms] [stdout] |  Vite storybook-static/assets/breadcrumb-Fv8Mh4qc.js
|  2.09 kB │ gzip:   0.74 kB

[+48689ms] [stdout] |  Vite storybook-static/assets/page-header-9WSRq1Tc.js
|  2.35 kB │ gzip:   0.68 kB

[+48692ms] [stdout] |  Vite storybook-static/assets/button-BvF8QzQW.js
|  2.37 kB │ gzip:   0.95 kB

[+48695ms] [stdout] |  Vite storybook-static/assets/index-CZQ4UIWY.js
|  2.45 kB │ gzip:   1.07 kB

[+48697ms] [stdout] |  Vite storybook-static/assets/pagination-CK4p7qkZ.js
|  2.54 kB │ gzip:   0.95 kB

[+48700ms] [stdout] |  Vite storybook-static/assets/createLucideIcon-Bk9WJ4x1.js
|  2.58 kB │ gzip:   0.89 kB

[+48703ms] [stdout] |  Vite storybook-static/assets/index-D7XzvB4C.js
|  2.59 kB │ gzip:   1.13 kB

[+48705ms] [stdout] |  Vite storybook-static/assets/status-badge-COQiIRp6.js
|  3.38 kB │ gzip:   1.30 kB

[+48707ms] [stdout] |  Vite storybook-static/assets/key-value-BASvyn4U.js
|  3.45 kB │ gzip:   1.23 kB

[+48710ms] [stdout] |  Vite storybook-static/assets/dialog-MiYC2obw.js
|  3.60 kB │ gzip:   1.19 kB

[+48713ms] [stdout] |  Vite storybook-static/assets/sheet-CgEA3GKX.js
|  3.60 kB │ gzip:   1.16 kB

[+48716ms] [stdout] |  Vite storybook-static/assets/index-CTDgoVF9.js
|  3.89 kB │ gzip:   1.52 kB

[+48719ms] [stdout] |  Vite storybook-static/assets/index-qJT_mQ3l.js
|  4.12 kB │ gzip:   1.82 kB

[+48722ms] [stdout] |  Vite storybook-static/assets/checkbox-DSx-NEm3.js
|  4.43 kB │ gzip:   1.90 kB

[+48724ms] [stdout] |  Vite storybook-static/assets/index-CB76TzhS.js
|  4.52 kB │ gzip:   1.66 kB

[+48728ms] [stdout] |  Vite storybook-static/assets/switch-BOSyNA7f.js
|  4.52 kB │ gzip:   1.93 kB

[+48730ms] [stdout] |  Vite storybook-static/assets/metric-card--HJ09bcU.js
|  4.59 kB │ gzip:   1.50 kB

[+48733ms] [stdout] |  Vite storybook-static/assets/avatar-C1Feso6z.js
|  4.66 kB │ gzip:   1.71 kB

[+48737ms] [stdout] |  Vite storybook-static/assets/field-DrKEnUA4.js
|  5.45 kB │ gzip:   1.71 kB

[+48739ms] [stdout] |  Vite storybook-static/assets/tabs-BoiPftwf.js
|  5.56 kB │ gzip:   1.99 kB

[+48742ms] [stdout] |  Vite storybook-static/assets/workspace-page.stories-CU_EBMeO.js
|  5.65 kB │ gzip:   1.88 kB

[+48746ms] [stdout] |  Vite storybook-static/assets/index-CmyDkMkI.js
|  5.70 kB │ gzip:   2.00 kB

[+48752ms] [stdout] |  Vite storybook-static/assets/form-field-BRVHAqDR.js
|  5.79 kB │ gzip:   1.63 kB

[+48755ms] [stdout] |  Vite storybook-static/assets/spinner.stories-CUaApNyi.js
|  5.97 kB │ gzip:   1.77 kB

[+48758ms] [stdout] |  Vite storybook-static/assets/alert-dialog-SXKbfNJc.js
|  6.08 kB │ gzip:   1.73 kB

[+48760ms] [stdout] |  Vite storybook-static/assets/interactions-ledUYp-T.js
|  6.47 kB │ gzip:   1.64 kB

[+48763ms] [stdout] |  Vite storybook-static/assets/radio-group-jCHTkTg_.js
|  6.66 kB │ gzip:   2.57 kB

[+48765ms] [stdout] |  Vite storybook-static/assets/popover-CPXGbIDO.js
|  6.80 kB │ gzip:   2.30 kB

[+48768ms] [stdout] |  Vite storybook-static/assets/stepper.stories-yvKm2JnO.js
|  7.33 kB │ gzip:   2.22 kB

[+48770ms] [stdout] |  Vite storybook-static/assets/status-badge.stories-BEmzXru8.js
|  7.38 kB │ gzip:   2.04 kB

[+48772ms] [stdout] |  Vite storybook-static/assets/tooltip-CPKamtJW.js
|  9.37 kB │ gzip:   3.36 kB

[+48774ms] [stdout] |  Vite storybook-static/assets/switch.stories-BjuQqcMi.js
|  9.73 kB │ gzip:   2.10 kB

[+48776ms] [stdout] |  Vite storybook-static/assets/contract-docs-CjEBDQp2.js
|  10.84 kB │ gzip:   2.57 kB

[+48782ms] [stdout] |  Vite storybook-static/assets/dropdown-menu-lUNOoyG5.js
|  11.61 kB │ gzip:   2.87 kB

[+48784ms] [stdout] |  Vite storybook-static/assets/search-field.stories-Dm34S9ND.js
|  12.47 kB │ gzip:   3.43 kB

[+48787ms] [stdout] |  Vite storybook-static/assets/scroll-area-CjuNN2SQ.js
|  13.28 kB │ gzip:   4.20 kB

[+48789ms] [stdout] |  Vite storybook-static/assets/index-DkX6z8Nf.js
|  14.00 kB │ gzip:   4.72 kB

[+48792ms] [stdout] |  Vite storybook-static/assets/textarea.stories-XHQKlcQj.js
|  14.18 kB │ gzip:   3.52 kB

[+48793ms] [stdout] |  Vite storybook-static/assets/saved-view-select.stories-WONSJ62p.js
|  14.61 kB │ gzip:   4.02 kB

[+48796ms] [stdout] |  Vite storybook-static/assets/sidebar-BbBOsEjp.js
|  14.71 kB │ gzip:   3.89 kB

[+48799ms] [stdout] |  Vite storybook-static/assets/scroll-area.stories-D9wWO5Sx.js
|  16.11 kB │ gzip:   3.69 kB

[+48801ms] [stdout] |  Vite storybook-static/assets/command-D3GOqhLV.js
|  16.29 kB │ gzip:   5.83 kB

[+48803ms] [stdout] |  Vite storybook-static/assets/sidebar.stories-u8OovX-T.js
|  16.78 kB │ gzip:   3.40 kB

[+48806ms] [stdout] |  Vite storybook-static/assets/index-CabmxFqw.js
|  16.87 kB │ gzip:   6.41 kB

[+48808ms] [stdout] |  Vite storybook-static/assets/slider.stories-aGVs8kYo.js
|  16.95 kB │ gzip:   5.74 kB

[+48811ms] [stdout] |  Vite storybook-static/assets/timeline.stories-BG34TSPN.js
|  17.37 kB │ gzip:   4.25 kB

[+48813ms] [stdout] |  Vite storybook-static/assets/numeric-input.stories-CTy7JOyL.js
|  17.41 kB │ gzip:   4.04 kB

[+48816ms] [stdout] |  Vite storybook-static/assets/page-header.stories-Pr018f4c.js
|  17.43 kB │ gzip:   3.57 kB

[+48819ms] [stdout] |  Vite storybook-static/assets/table.stories-LLasHCyg.js
|  18.46 kB │ gzip:   3.43 kB

[+48822ms] [stdout] |  Vite storybook-static/assets/radio-group.stories-CrKfUuIs.js
|  18.97 kB │ gzip:   3.50 kB

[+48824ms] [stdout] |  Vite storybook-static/assets/skeleton.stories-C-mcO9xX.js
|  19.07 kB │ gzip:   3.54 kB

[+48827ms] [stdout] |  Vite storybook-static/assets/popover.stories-BNWZRRAY.js
|  19.19 kB │ gzip:   3.90 kB

[+48833ms] [stdout] |  Vite storybook-static/assets/key-value.stories-Dy1ZCVOA.js
|  19.63 kB │ gzip:   4.38 kB

[+48837ms] [stdout] |  Vite storybook-static/assets/tree-view.stories-cO0oEU-8.js
|  20.19 kB │ gzip:   4.64 kB

[+48840ms] [stdout] |  Vite storybook-static/assets/tabs.stories-DG3cQvA7.js
|  20.32 kB │ gzip:   3.82 kB

[+48842ms] [stdout] |  Vite storybook-static/assets/tokens.stories-D0SjvEZD.js
|  20.87 kB │ gzip:   4.73 kB

[+48845ms] [stdout] |  Vite storybook-static/assets/pagination.stories-D54xpE5z.js
|  21.05 kB │ gzip:   3.56 kB

[+48848ms] [stdout] |  Vite storybook-static/assets/master-detail.stories-W-cIceTo.js
|  21.41 kB │ gzip:   4.44 kB

[+48851ms] [stdout] |  Vite storybook-static/assets/toggle.stories-CZ4HbNVJ.js
|  22.79 kB │ gzip:   4.50 kB

[+48854ms] [stdout] |  Vite storybook-static/assets/form-error.stories-Bd3mObsh.js
|  22.93 kB │ gzip:   4.85 kB

[+48856ms] [stdout] |  Vite storybook-static/assets/separator.stories-BAmKBvWf.js
|  23.33 kB │ gzip:   3.98 kB

[+48858ms] [stdout] |  Vite storybook-static/assets/resizable.stories-CZFRvZwT.js
|  24.20 kB │ gzip:   3.94 kB

[+48861ms] [stdout] |  Vite storybook-static/assets/input.stories-Cpnzy3Vd.js
|  24.40 kB │ gzip:   4.79 kB

[+48863ms] [stdout] |  Vite storybook-static/assets/select-DlrrcjMJ.js
|  24.90 kB │ gzip:   8.28 kB

[+48867ms] [stdout] |  Vite storybook-static/assets/metric-card.stories-DKY1CpHi.js
|  24.92 kB │ gzip:   5.02 kB

[+48869ms] [stdout] |  Vite storybook-static/assets/breadcrumb.stories-C1O_kLRU.js
|  25.35 kB │ gzip:   3.81 kB

[+48871ms] [stdout] |  Vite storybook-static/assets/command.stories-sm2NMjft.js
|  25.51 kB │ gzip:   5.18 kB

[+48876ms] [stdout] |  Vite storybook-static/assets/hover-card.stories-BXShBaum.js
|  25.52 kB │ gzip:   5.59 kB

[+48879ms] [stdout] |  Vite storybook-static/assets/toolbar.stories-DulJ_CHN.js
|  25.67 kB │ gzip:   3.94 kB

[+48881ms] [stdout] |  Vite storybook-static/assets/combobox.stories-8vGYwH-e.js
|  26.82 kB │ gzip:   6.12 kB

[+48884ms] [stdout] |  Vite storybook-static/assets/progress.stories-BykSelHt.js
|  27.00 kB │ gzip:   5.24 kB

[+48887ms] [stdout] |  Vite storybook-static/assets/tooltip.stories-BFrVHiZ3.js
|  27.13 kB │ gzip:   4.37 kB

[+48888ms] [stdout] |  Vite storybook-static/assets/date-time-picker.stories-CReohJ5C.js
|  27.14 kB │ gzip:   5.05 kB

[+48891ms] [stdout] |  Vite storybook-static/assets/kbd.stories-Bo2w8G_E.js
|  27.40 kB │ gzip:   4.55 kB

[+48894ms] [stdout] |  Vite storybook-static/assets/index-NmxJuNOx.js
|  27.60 kB │ gzip:  10.66 kB

[+48896ms] [stdout] |  Vite storybook-static/assets/file-upload.stories-D04471iv.js
|  28.05 kB │ gzip:   5.80 kB

[+48899ms] [stdout] |  Vite storybook-static/assets/select.stories-DFam8sO6.js
|  28.16 kB │ gzip:   5.07 kB

[+48902ms] [stdout] |  Vite storybook-static/vite-inject-mocker-entry.js
|  28.53 kB │ gzip:   9.94 kB

[+48904ms] [stdout] |  Vite storybook-static/assets/empty.stories-DBn0bM98.js
|  28.55 kB │ gzip:   5.00 kB

[+48905ms] [stdout] |  Vite
|  storybook-static/assets/column-visibility-menu.stories-B_VG82KV.js
|  28.76 kB │ gzip:   5.72 kB

[+48907ms] [stdout] |  Vite storybook-static/assets/native-select.stories-OvQHno84.js
|  29.32 kB │ gzip:   4.43 kB

[+48910ms] [stdout] |  Vite storybook-static/assets/matchers-JIUQ3HVY-CAdg16Fl.js
|  29.38 kB │ gzip:  10.06 kB

[+48912ms] [stdout] |  Vite storybook-static/assets/dropdown-menu.stories-BilL_wil.js
|  29.53 kB │ gzip:   5.08 kB

[+48916ms] [stdout] |  Vite storybook-static/assets/label.stories-0IUQ1tkM.js
|  29.76 kB │ gzip:   5.28 kB

[+48920ms] [stdout] |  Vite storybook-static/assets/toggle-group.stories-oD-OB4AM.js
|  29.81 kB │ gzip:   5.64 kB

[+48923ms] [stdout] |  Vite storybook-static/assets/bulk-action-bar.stories-BMTnd1R9.js
|  30.38 kB │ gzip:   5.60 kB

[+48924ms] [stdout] |  Vite storybook-static/assets/Color-6AOWCN3U-DXbWjeyt.js
|  30.39 kB │ gzip:  11.50 kB

[+48926ms] [stdout] |  Vite storybook-static/assets/data-table.stories-CECmu2b0.js
|  30.64 kB │ gzip:   6.99 kB

[+48928ms] [stdout] |  Vite storybook-static/assets/sheet.stories-BMspSUie.js
|  30.82 kB │ gzip:   5.05 kB

[+48930ms] [stdout] |  Vite storybook-static/assets/calendar.stories-3uYDpHou.js
|  30.93 kB │ gzip:   5.67 kB

[+48933ms] [stdout] |  Vite storybook-static/assets/code.stories-fn_Ezhk7.js
|  31.14 kB │ gzip:   4.96 kB

[+48935ms] [stdout] |  Vite storybook-static/assets/checkbox.stories-BWyKDLlk.js
|  32.30 kB │ gzip:   5.58 kB

[+48938ms] [stdout] |  Vite storybook-static/assets/WithTooltip-7X4HQR7L-DwkholUG.js
|  33.19 kB │ gzip:  11.66 kB

[+48940ms] [stdout] |  Vite storybook-static/assets/menubar.stories-CWA0k_u4.js
|  33.32 kB │ gzip:   7.38 kB

[+48942ms] [stdout] |  Vite storybook-static/assets/card.stories-BsLWAxX4.js
|  34.04 kB │ gzip:   6.26 kB

[+48945ms] [stdout] |  Vite storybook-static/assets/date-picker.stories-ptcZV5sK.js
|  34.63 kB │ gzip:   6.63 kB

[+48947ms] [stdout] |  Vite storybook-static/assets/alert.stories-CH9IxY6G.js
|  35.09 kB │ gzip:   5.39 kB

[+48950ms] [stdout] |  Vite storybook-static/assets/filter-bar.stories-DR47erMR.js
|  35.26 kB │ gzip:   6.42 kB

[+48952ms] [stdout] |  Vite storybook-static/assets/app-shell.stories-DAPuY6Rt.js
|  35.31 kB │ gzip:  11.49 kB

[+48955ms] [stdout] |  Vite storybook-static/assets/form-field.stories-ySPkdBLj.js
|  35.42 kB │ gzip:   6.12 kB

[+48957ms] [stdout] |  Vite storybook-static/assets/resizable-DaiwlkzR.js
|  35.63 kB │ gzip:  11.98 kB

[+48960ms] [stdout] |  Vite storybook-static/assets/badge.stories-BLHkoGvj.js
|  36.69 kB │ gzip:   5.16 kB

[+48962ms] [stdout] |  Vite storybook-static/assets/change-diff.stories-54Ak7Uva.js
|  36.70 kB │ gzip:   6.31 kB

[+48964ms] [stdout] |  Vite storybook-static/assets/async-state.stories-j9evkhnI.js
|  37.06 kB │ gzip:   5.45 kB

[+48967ms] [stdout] |  Vite storybook-static/assets/avatar.stories-B1eiH5Ix.js
|  37.52 kB │ gzip:   4.76 kB

[+48993ms] [stdout] |  Vite storybook-static/assets/button-group.stories-pXWi11YM.js
|  38.80 kB │ gzip:   6.54 kB

[+48996ms] [stdout] |  Vite storybook-static/assets/field.stories-C4Qq7Bhr.js
|  39.22 kB │ gzip:   6.11 kB

[+48998ms] [stdout] |  Vite storybook-static/assets/alert-dialog.stories-DRZOo0yu.js
|  39.83 kB │ gzip:   5.29 kB

[+49000ms] [stdout] |  Vite storybook-static/assets/collapsible.stories-XYo0vUdo.js
|  40.87 kB │ gzip:   5.59 kB

[+49002ms] [stdout] |  Vite storybook-static/assets/sonner.stories-CJm4OOPQ.js
|  41.20 kB │ gzip:  11.86 kB

[+49005ms] [stdout] |  Vite storybook-static/assets/context-menu.stories-CD9H7uhT.js
|  41.37 kB │ gzip:   7.97 kB

[+49008ms] [stdout] |  Vite storybook-static/assets/dialog.stories-Bh64JWEb.js
|  41.77 kB │ gzip:   7.06 kB

[+49010ms] [stdout] |  Vite storybook-static/assets/accordion.stories-Da221gnc.js
|  42.66 kB │ gzip:   7.86 kB

[+49016ms] [stdout] |  Vite storybook-static/assets/input-group.stories-l1zrsw66.js
|  43.79 kB │ gzip:   7.91 kB

[+49022ms] [stdout] |  Vite storybook-static/assets/button.stories-DDEhVRGH.js
|  45.30 kB │ gzip:   8.15 kB

[+49025ms] [stdout] |  Vite storybook-static/assets/drawer.stories-CFkRjXp7.js
|  60.15 kB │ gzip:  14.30 kB

[+49032ms] [stdout] |  Vite storybook-static/assets/data-table--bHwsDVS.js
|  61.92 kB │ gzip:  16.51 kB

[+49034ms] [stdout] |  Vite storybook-static/assets/calendar-DomqiKw9.js
|  73.23 kB │ gzip:  21.26 kB

[+49035ms] [stdout] |  Vite storybook-static/assets/syntaxhighlighter-T5IQBZDB-DCksqEY4.js
|  77.97 kB │ gzip:  27.27 kB

[+49037ms] [stdout] |  Vite storybook-static/assets/react-18-rb6UYyNv.js
|  181.75 kB │ gzip:  57.20 kB

[+49039ms] [stdout] |  Vite storybook-static/assets/evidence-Bc_e3f-y.js
|  284.58 kB │ gzip:  70.31 kB

[+49041ms] [stdout] |  Vite storybook-static/assets/chart.stories-DyrNeEXs.js
|  414.05 kB │ gzip: 117.88 kB

[+49043ms] [stdout] |  Vite storybook-static/assets/axe-DUN7BSs9.js
|  592.93 kB │ gzip: 163.81 kB

[+49045ms] [stdout] |  Vite storybook-static/assets/blocks-9vcdCpzE.js
|  854.55 kB │ gzip: 272.75 kB

[+49047ms] [stdout] |  Vite storybook-static/assets/iframe-Cy2yE6gh.js
|  1,176.91 kB │ gzip: 337.49 kB

[+49050ms] [stdout] |
!  Vite
|  (!) Some chunks are larger than 500 kB after minification. Consider:
|  - Using dynamic import() to code-split the application
|  - Use build.rollupOptions.output.manualChunks to improve chunking:
|  https://rollupjs.org/configuration-options/#output-manualchunks
|  - Adjust chunk size limit for this warning via
|  build.chunkSizeWarningLimit.

[+49051ms] [stdout] |  Vite ✓ built in 39.33s

[+50450ms] [stdout] |
o  Output directory:
|  C:/JackProject/afenda-bolt/afenda-lite/apps/storybook/storybook-static

[+50451ms] [stdout] |
—  Storybook build completed successfully
